Archive member included to satisfy reference by file (symbol)

/usr/lib/gcc/arm-none-eabi/13.2.1/../../../arm-none-eabi/lib/thumb/v8-m.main+fp/softfp/libm.a(libm_a-wf_sqrt.o)
                              CMakeFiles/PugVDP.dir/home/user/pico-sdk/src/rp2_common/pico_float/float_math.c.o (sqrtf)
/usr/lib/gcc/arm-none-eabi/13.2.1/../../../arm-none-eabi/lib/thumb/v8-m.main+fp/softfp/libm.a(libm_a-ef_sqrt.o)
                              /usr/lib/gcc/arm-none-eabi/13.2.1/../../../arm-none-eabi/lib/thumb/v8-m.main+fp/softfp/libm.a(libm_a-wf_sqrt.o) (__ieee754_sqrtf)
/usr/lib/gcc/arm-none-eabi/13.2.1/thumb/v8-m.main+fp/softfp/libgcc.a(_arm_addsubdf3.o)
                              CMakeFiles/PugVDP.dir/home/user/pico-sdk/src/rp2_common/pico_float/float_math.c.o (__aeabi_f2d)
/usr/lib/gcc/arm-none-eabi/13.2.1/thumb/v8-m.main+fp/softfp/libgcc.a(_aeabi_ldivmod.o)
                              CMakeFiles/PugVDP.dir/home/user/pico-sdk/src/common/pico_time/time.c.o (__aeabi_ldivmod)
/usr/lib/gcc/arm-none-eabi/13.2.1/thumb/v8-m.main+fp/softfp/libgcc.a(_aeabi_uldivmod.o)
                              CMakeFiles/PugVDP.dir/home/user/pico-sdk/src/rp2_common/hardware_clocks/clocks.c.o (__aeabi_uldivmod)
/usr/lib/gcc/arm-none-eabi/13.2.1/thumb/v8-m.main+fp/softfp/libgcc.a(_udivmoddi4.o)
                              /usr/lib/gcc/arm-none-eabi/13.2.1/thumb/v8-m.main+fp/softfp/libgcc.a(_aeabi_ldivmod.o) (__udivmoddi4)
/usr/lib/gcc/arm-none-eabi/13.2.1/thumb/v8-m.main+fp/softfp/libgcc.a(_dvmd_tls.o)
                              /usr/lib/gcc/arm-none-eabi/13.2.1/thumb/v8-m.main+fp/softfp/libgcc.a(_aeabi_ldivmod.o) (__aeabi_ldiv0)
/usr/lib/gcc/arm-none-eabi/13.2.1/../../../arm-none-eabi/lib/thumb/v8-m.main+fp/softfp/libg.a(libc_a-memset.o)
                              /usr/lib/gcc/arm-none-eabi/13.2.1/../../../arm-none-eabi/lib/thumb/v8-m.main+fp/softfp/crt0.o (memset)
/usr/lib/gcc/arm-none-eabi/13.2.1/../../../arm-none-eabi/lib/thumb/v8-m.main+fp/softfp/libg.a(libc_a-calloc.o)
                              CMakeFiles/PugVDP.dir/home/user/pico-sdk/src/rp2_common/pico_malloc/malloc.c.o (calloc)
/usr/lib/gcc/arm-none-eabi/13.2.1/../../../arm-none-eabi/lib/thumb/v8-m.main+fp/softfp/libg.a(libc_a-errno.o)
                              /usr/lib/gcc/arm-none-eabi/13.2.1/../../../arm-none-eabi/lib/thumb/v8-m.main+fp/softfp/libm.a(libm_a-wf_sqrt.o) (__errno)
/usr/lib/gcc/arm-none-eabi/13.2.1/../../../arm-none-eabi/lib/thumb/v8-m.main+fp/softfp/libg.a(libc_a-impure.o)
                              /usr/lib/gcc/arm-none-eabi/13.2.1/../../../arm-none-eabi/lib/thumb/v8-m.main+fp/softfp/libg.a(libc_a-calloc.o) (_impure_ptr)
/usr/lib/gcc/arm-none-eabi/13.2.1/../../../arm-none-eabi/lib/thumb/v8-m.main+fp/softfp/libg.a(libc_a-callocr.o)
                              /usr/lib/gcc/arm-none-eabi/13.2.1/../../../arm-none-eabi/lib/thumb/v8-m.main+fp/softfp/libg.a(libc_a-calloc.o) (_calloc_r)
/usr/lib/gcc/arm-none-eabi/13.2.1/../../../arm-none-eabi/lib/thumb/v8-m.main+fp/softfp/libg.a(libc_a-realloc.o)
                              CMakeFiles/PugVDP.dir/home/user/pico-sdk/src/rp2_common/pico_malloc/malloc.c.o (realloc)
/usr/lib/gcc/arm-none-eabi/13.2.1/../../../arm-none-eabi/lib/thumb/v8-m.main+fp/softfp/libg.a(libc_a-mallocr.o)
                              /usr/lib/gcc/arm-none-eabi/13.2.1/../../../arm-none-eabi/lib/thumb/v8-m.main+fp/softfp/libg.a(libc_a-callocr.o) (_malloc_r)
/usr/lib/gcc/arm-none-eabi/13.2.1/../../../arm-none-eabi/lib/thumb/v8-m.main+fp/softfp/libg.a(libc_a-freer.o)
                              /usr/lib/gcc/arm-none-eabi/13.2.1/../../../arm-none-eabi/lib/thumb/v8-m.main+fp/softfp/libg.a(libc_a-mallocr.o) (_free_r)
/usr/lib/gcc/arm-none-eabi/13.2.1/../../../arm-none-eabi/lib/thumb/v8-m.main+fp/softfp/libg.a(libc_a-memcmp.o)
                              CMakeFiles/PugVDP.dir/home/user/pico-sdk/src/rp2_common/pico_atomic/atomic.c.o (memcmp)
/usr/lib/gcc/arm-none-eabi/13.2.1/../../../arm-none-eabi/lib/thumb/v8-m.main+fp/softfp/libg.a(libc_a-malloc.o)
                              CMakeFiles/PugVDP.dir/home/user/pico-sdk/src/rp2_common/pico_malloc/malloc.c.o (malloc)
/usr/lib/gcc/arm-none-eabi/13.2.1/../../../arm-none-eabi/lib/thumb/v8-m.main+fp/softfp/libg.a(libc_a-memcpy.o)
                              CMakeFiles/PugVDP.dir/mode_text.c.o (memcpy)
/usr/lib/gcc/arm-none-eabi/13.2.1/../../../arm-none-eabi/lib/thumb/v8-m.main+fp/softfp/libg.a(libc_a-sysconf.o)
                              /usr/lib/gcc/arm-none-eabi/13.2.1/../../../arm-none-eabi/lib/thumb/v8-m.main+fp/softfp/libg.a(libc_a-mallocr.o) (sysconf)
/usr/lib/gcc/arm-none-eabi/13.2.1/../../../arm-none-eabi/lib/thumb/v8-m.main+fp/softfp/libg.a(libc_a-init.o)
                              /usr/lib/gcc/arm-none-eabi/13.2.1/../../../arm-none-eabi/lib/thumb/v8-m.main+fp/softfp/crt0.o (__libc_init_array)
/usr/lib/gcc/arm-none-eabi/13.2.1/../../../arm-none-eabi/lib/thumb/v8-m.main+fp/softfp/libg.a(libc_a-reallocr.o)
[...]
Memory Configuration

Name             Origin             Length             Attributes
FLASH            0x10000000         0x00800000         xr
RAM              0x20000000         0x00080000         xrw
SCRATCH_X        0x20080000         0x00001000         xrw
SCRATCH_Y        0x20081000         0x00001000         xrw
*default*        0x00000000         0xffffffff

Linker script and memory map

LOAD /usr/lib/gcc/arm-none-eabi/13.2.1/thumb/v8-m.main+fp/softfp/crti.o
LOAD /usr/lib/gcc/arm-none-eabi/13.2.1/thumb/v8-m.main+fp/softfp/crtbegin.o
LOAD /usr/lib/gcc/arm-none-eabi/13.2.1/../../../arm-none-eabi/lib/thumb/v8-m.main+fp/softfp/crt0.o

.flash_begin    0x10000000        0x0
                0x10000000                        __flash_binary_start = .

.text           0x10000000     0x4900
                0x10000000                        __logical_binary_start = .
 *(.vectors)
 .vectors       0x10000000      0x124 CMakeFiles/PugVDP.dir/home/user/pico-sdk/src/rp2_common/pico_crt0/crt0.S.o
                0x10000000                __vectors
                0x10000000                __VECTOR_TABLE
                0x10000110                isr_securefault
                0x10000110                isr_irq30
                0x10000110                __unhandled_user_irq
                0x10000110                isr_irq49
                0x10000110                isr_irq13
                0x10000110                isr_irq43
                0x10000110                isr_irq45
                0x10000110                isr_irq27
                0x10000110                isr_irq32
                0x10000110                isr_irq31
                0x10000110                isr_irq5
                0x10000110                isr_irq11
                0x10000110                isr_irq23
                0x10000110                isr_usagefault
                0x10000110                isr_irq48
                0x10000110                isr_irq35
                0x10000110                isr_irq18
                0x10000110                isr_irq50
                0x10000110                isr_irq40
                0x10000110                isr_irq28
                0x10000110                isr_irq19
                0x10000110                isr_irq36
                0x10000110                isr_irq41
                0x10000110                isr_irq0
                0x10000110                isr_irq6
                0x10000110                isr_memmanage
                0x10000110                isr_irq37
                0x10000110                isr_irq42
                0x10000110                isr_irq22
                0x10000110                isr_irq17
                0x10000110                isr_irq38
                0x10000110                isr_irq14
                0x10000110                __vectors_end
                0x10000110                __default_isrs_start
                0x10000110                isr_irq2
                0x10000110                isr_irq10
                0x10000110                isr_irq8
                0x10000110                isr_debugmonitor
                0x10000110                isr_irq24
                0x10000110                isr_irq46
                0x10000110                isr_irq1
                0x10000110                isr_irq47
                0x10000110                isr_irq51
                0x10000110                isr_irq7
                0x10000110                isr_irq21
                0x10000110                isr_irq39
                0x10000110                isr_irq20
                0x10000110                isr_irq15
                0x10000110                isr_irq25
                0x10000110                isr_irq34
                0x10000110                isr_irq4
                0x10000110                isr_busfault
                0x10000110                isr_irq16
                0x10000110                isr_irq44
                0x10000110                isr_irq29
                0x10000110                isr_irq26
                0x10000110                isr_irq33
                0x10000110                isr_irq3
                0x10000110                isr_irq12
                0x10000110                isr_irq9
                0x10000116                unhandled_user_irq_num_in_r0
                0x10000118                isr_invalid
                0x1000011a                isr_nmi
                0x1000011c                isr_hardfault
                0x1000011e                isr_svcall
                0x10000120                isr_pendsv
                0x10000122                isr_systick
                0x10000124                __default_isrs_end
 *(.binary_info_header)
 .binary_info_header
                0x10000124       0x14 CMakeFiles/PugVDP.dir/home/user/pico-sdk/src/rp2_common/pico_crt0/crt0.S.o
                0x10000138                        __binary_info_header_end = .
 *(.embedded_block)
 .embedded_block
                0x10000138       0x14 CMakeFiles/PugVDP.dir/home/user/pico-sdk/src/rp2_common/pico_crt0/crt0.S.o
                0x1000014c                        __embedded_block_end = .
 *(.reset)
 .reset         0x1000014c       0x98 CMakeFiles/PugVDP.dir/home/user/pico-sdk/src/rp2_common/pico_crt0/crt0.S.o
                0x1000014c                _entry_point
 *(.init)
 .init          0x100001e4        0x4 /usr/lib/gcc/arm-none-eabi/13.2.1/thumb/v8-m.main+fp/softfp/crti.o
                0x100001e4                _init
 *libgcc.a:cmse_nonsecure_call.o()
 *(EXCLUDE_FILE(*libm.a: *libc.a:*lib_a-mem*.o *libgcc.a:) .text*)
 .text          0x100001e8       0x8c /usr/lib/gcc/arm-none-eabi/13.2.1/thumb/v8-m.main+fp/softfp/crtbegin.o
 .text.command_init
                0x10000274       0x1c CMakeFiles/PugVDP.dir/commands.c.o
                0x10000274                command_init
 .text.command_select
                0x10000290       0x64 CMakeFiles/PugVDP.dir/commands.c.o
                0x10000290                command_select
 .text.data_receive
                0x100002f4      0x124 CMakeFiles/PugVDP.dir/commands.c.o
                0x100002f4                data_receive
 .text.rgb_gbr  0x10000418       0x18 CMakeFiles/PugVDP.dir/helpers.c.o
                0x10000418                rgb_gbr
 .text.pio_irq_handler
                0x10000430       0x60 CMakeFiles/PugVDP.dir/main.c.o
                0x10000430                pio_irq_handler
 .text.core1_main
                0x10000490       0x2c CMakeFiles/PugVDP.dir/main.c.o
                0x10000490                core1_main
 .text.bus_interface_program_init
                0x100004bc       0x70 CMakeFiles/PugVDP.dir/main.c.o
                0x100004bc                bus_interface_program_init
 .text.text_gotoxy
                0x1000052c       0x48 CMakeFiles/PugVDP.dir/mode_text.c.o
                0x1000052c                text_gotoxy
 .text.text_set_tab
                0x10000574       0x10 CMakeFiles/PugVDP.dir/mode_text.c.o
                0x10000574                text_set_tab
 .text.text_set_cursor_size
                0x10000584       0x28 CMakeFiles/PugVDP.dir/mode_text.c.o
                0x10000584                text_set_cursor_size
 .text.text_cursor_set_vis
                0x100005ac       0x14 CMakeFiles/PugVDP.dir/mode_text.c.o
                0x100005ac                text_cursor_set_vis
 .text.text_area_define
                0x100005c0       0x44 CMakeFiles/PugVDP.dir/mode_text.c.o
                0x100005c0                text_area_define
 .text.text_color_set
                0x10000604       0x1c CMakeFiles/PugVDP.dir/mode_text.c.o
                0x10000604                text_color_set
 .text.text_cursor_set_blink
                0x10000620        0xc CMakeFiles/PugVDP.dir/mode_text.c.o
                0x10000620                text_cursor_set_blink
 .text.text_font_set
                0x1000062c       0x8c CMakeFiles/PugVDP.dir/mode_text.c.o
                0x1000062c                text_font_set
 .text.text_cursor_reset
                0x100006b8       0x40 CMakeFiles/PugVDP.dir/mode_text.c.o
                0x100006b8                text_cursor_reset
 .text.text_font_reset
                0x100006f8       0x1c CMakeFiles/PugVDP.dir/mode_text.c.o
                0x100006f8                text_font_reset
 .text.text_home
                0x10000714       0x38 CMakeFiles/PugVDP.dir/mode_text.c.o
                0x10000714                text_home
 .text.text_test
                0x1000074c      0x150 CMakeFiles/PugVDP.dir/mode_text.c.o
                0x1000074c                text_test
 .text.text_putc
                0x1000089c      0x150 CMakeFiles/PugVDP.dir/mode_text.c.o
                0x1000089c                text_putc
 .text.text_clear
                0x100009ec      0x134 CMakeFiles/PugVDP.dir/mode_text.c.o
                0x100009ec                text_clear
 .text.text_scroll_h
                0x10000b20       0x60 CMakeFiles/PugVDP.dir/mode_text.c.o
                0x10000b20                text_scroll_h
 .text.text_scroll_v
                0x10000b80      0x4d8 CMakeFiles/PugVDP.dir/mode_text.c.o
                0x10000b80                text_scroll_v
 .text.text_printc
                0x10001058      0x2c4 CMakeFiles/PugVDP.dir/mode_text.c.o
                0x10001058                text_printc
 .text.text_reset
                0x1000131c      0x19c CMakeFiles/PugVDP.dir/mode_text.c.o
                0x1000131c                text_reset
 .text.text_rasterize_screen
                0x100014b8      0x2a8 CMakeFiles/PugVDP.dir/mode_text.c.o
                0x100014b8                text_rasterize_screen
 .text.text_init
                0x10001760      0x1f4 CMakeFiles/PugVDP.dir/mode_text.c.o
                0x10001760                text_init
 .text.gpio_set_function
                0x10001954       0x3c CMakeFiles/PugVDP.dir/home/user/pico-sdk/src/rp2_common/hardware_gpio/gpio.c.o
                0x10001954                gpio_set_function
 .text.gpio_set_pulls
                0x10001990       0x28 CMakeFiles/PugVDP.dir/home/user/pico-sdk/src/rp2_common/hardware_gpio/gpio.c.o
                0x10001990                gpio_set_pulls
 .text.gpio_set_outover
                0x100019b8       0x20 CMakeFiles/PugVDP.dir/home/user/pico-sdk/src/rp2_common/hardware_gpio/gpio.c.o
                0x100019b8                gpio_set_outover
 .text.gpio_init
                0x100019d8       0x48 CMakeFiles/PugVDP.dir/home/user/pico-sdk/src/rp2_common/hardware_gpio/gpio.c.o
                0x100019d8                gpio_init
 .text.panic    0x10001a20       0x30 CMakeFiles/PugVDP.dir/home/user/pico-sdk/src/rp2_common/pico_platform_panic/panic.c.o
                0x10001a20                panic
 .text.hw_claim_lock
                0x10001a50       0x24 CMakeFiles/PugVDP.dir/home/user/pico-sdk/src/common/hardware_claim/claim.c.o
                0x10001a50                hw_claim_lock
 .text.hw_claim_unlock
                0x10001a74       0x14 CMakeFiles/PugVDP.dir/home/user/pico-sdk/src/common/hardware_claim/claim.c.o
                0x10001a74                hw_claim_unlock
 .text.hw_claim_or_assert
                0x10001a88       0x58 CMakeFiles/PugVDP.dir/home/user/pico-sdk/src/common/hardware_claim/claim.c.o
                0x10001a88                hw_claim_or_assert
 .text.hw_claim_unused_from_range
                0x10001ae0       0x9c CMakeFiles/PugVDP.dir/home/user/pico-sdk/src/common/hardware_claim/claim.c.o
                0x10001ae0                hw_claim_unused_from_range
 .text.next_striped_spin_lock_num
                0x10001b7c       0x18 CMakeFiles/PugVDP.dir/home/user/pico-sdk/src/rp2_common/hardware_sync/sync.c.o
                0x10001b7c                next_striped_spin_lock_num
 .text.spinlock_set_extexclall
                0x10001b94       0x10 CMakeFiles/PugVDP.dir/home/user/pico-sdk/src/rp2_common/hardware_sync_spin_lock/sync_spin_lock.c.o
 .text.spin_locks_reset
                0x10001ba4       0x18 CMakeFiles/PugVDP.dir/home/user/pico-sdk/src/rp2_common/hardware_sync_spin_lock/sync_spin_lock.c.o
                0x10001ba4                spin_locks_reset
 .text.runtime_init_per_core_irq_priorities
                0x10001bbc       0x40 CMakeFiles/PugVDP.dir/home/user/pico-sdk/src/rp2_common/hardware_irq/irq.c.o
                0x10001bbc                runtime_init_per_core_irq_priorities
 .text.irq_set_enabled
                0x10001bfc       0x2c CMakeFiles/PugVDP.dir/home/user/pico-sdk/src/rp2_common/hardware_irq/irq.c.o
                0x10001bfc                irq_set_enabled
 .text.irq_is_enabled
                0x10001c28       0x20 CMakeFiles/PugVDP.dir/home/user/pico-sdk/src/rp2_common/hardware_irq/irq.c.o
                0x10001c28                irq_is_enabled
 .text.irq_set_exclusive_handler
                0x10001c48       0x60 CMakeFiles/PugVDP.dir/home/user/pico-sdk/src/rp2_common/hardware_irq/irq.c.o
                0x10001c48                irq_set_exclusive_handler
 .text.lock_init
                0x10001ca8        0xc CMakeFiles/PugVDP.dir/home/user/pico-sdk/src/common/pico_sync/lock_core.c.o
                0x10001ca8                lock_init
 .text.runtime_init_mutex
                0x10001cb4       0x4c CMakeFiles/PugVDP.dir/home/user/pico-sdk/src/common/pico_sync/mutex.c.o
                0x10001cb4                runtime_init_mutex
 .text.sleep_until_callback
                0x10001d00       0x3c CMakeFiles/PugVDP.dir/home/user/pico-sdk/src/common/pico_time/time.c.o
 *fill*         0x10001d3c        0x4 
 .text.alarm_pool_irq_handler
                0x10001d40      0x2f0 CMakeFiles/PugVDP.dir/home/user/pico-sdk/src/common/pico_time/time.c.o
 .text.runtime_init_default_alarm_pool
                0x10002030      0x100 CMakeFiles/PugVDP.dir/home/user/pico-sdk/src/common/pico_time/time.c.o
                0x10002030                runtime_init_default_alarm_pool
 .text.alarm_pool_add_alarm_at_force_in_context
                0x10002130       0xc8 CMakeFiles/PugVDP.dir/home/user/pico-sdk/src/common/pico_time/time.c.o
                0x10002130                alarm_pool_add_alarm_at_force_in_context
 .text.alarm_pool_cancel_alarm
                0x100021f8       0x80 CMakeFiles/PugVDP.dir/home/user/pico-sdk/src/common/pico_time/time.c.o
                0x100021f8                alarm_pool_cancel_alarm
 .text.sleep_until
                0x10002278       0xbc CMakeFiles/PugVDP.dir/home/user/pico-sdk/src/common/pico_time/time.c.o
                0x10002278                sleep_until
 .text.sleep_ms
                0x10002334       0x2c CMakeFiles/PugVDP.dir/home/user/pico-sdk/src/common/pico_time/time.c.o
                0x10002334                sleep_ms
 .text.best_effort_wfe_or_timeout
                0x10002360       0xbc CMakeFiles/PugVDP.dir/home/user/pico-sdk/src/common/pico_time/time.c.o
                0x10002360                best_effort_wfe_or_timeout
 .text.timer_hardware_alarm_claim
                0x1000241c       0x24 CMakeFiles/PugVDP.dir/home/user/pico-sdk/src/rp2_common/hardware_timer/timer.c.o
                0x1000241c                timer_hardware_alarm_claim
 .text.timer_time_us_64
                0x10002440       0x10 CMakeFiles/PugVDP.dir/home/user/pico-sdk/src/rp2_common/hardware_timer/timer.c.o
                0x10002440                timer_time_us_64
 .text.time_us_64
                0x10002450       0x14 CMakeFiles/PugVDP.dir/home/user/pico-sdk/src/rp2_common/hardware_timer/timer.c.o
                0x10002450                time_us_64
 .text.busy_wait_until
                0x10002464       0x24 CMakeFiles/PugVDP.dir/home/user/pico-sdk/src/rp2_common/hardware_timer/timer.c.o
                0x10002464                busy_wait_until
 .text.queue_init_with_spinlock
                0x10002488       0x24 CMakeFiles/PugVDP.dir/home/user/pico-sdk/src/common/pico_util/queue.c.o
                0x10002488                queue_init_with_spinlock
 .text.queue_add_blocking
                0x100024ac       0x7c CMakeFiles/PugVDP.dir/home/user/pico-sdk/src/common/pico_util/queue.c.o
                0x100024ac                queue_add_blocking
 .text.queue_remove_blocking
                0x10002528       0x8c CMakeFiles/PugVDP.dir/home/user/pico-sdk/src/common/pico_util/queue.c.o
                0x10002528                queue_remove_blocking
 .text.clock_configure_undivided
                0x100025b4       0xd0 CMakeFiles/PugVDP.dir/home/user/pico-sdk/src/rp2_common/hardware_clocks/clocks.c.o
                0x100025b4                clock_configure_undivided
 .text.clock_get_hz
                0x10002684        0xc CMakeFiles/PugVDP.dir/home/user/pico-sdk/src/rp2_common/hardware_clocks/clocks.c.o
                0x10002684                clock_get_hz
 .text.set_sys_clock_pll
                0x10002690      0x184 CMakeFiles/PugVDP.dir/home/user/pico-sdk/src/rp2_common/hardware_clocks/clocks.c.o
                0x10002690                set_sys_clock_pll
 .text.check_sys_clock_khz
                0x10002814      0x19c CMakeFiles/PugVDP.dir/home/user/pico-sdk/src/rp2_common/hardware_clocks/clocks.c.o
                0x10002814                check_sys_clock_khz
 .text.pll_init
                0x100029b0       0x8c CMakeFiles/PugVDP.dir/home/user/pico-sdk/src/rp2_common/hardware_pll/pll.c.o
                0x100029b0                pll_init
 .text.vreg_set_voltage
                0x10002a3c       0x44 CMakeFiles/PugVDP.dir/home/user/pico-sdk/src/rp2_common/hardware_vreg/vreg.c.o
                0x10002a3c                vreg_set_voltage
 .text.tick_start
                0x10002a80       0x18 CMakeFiles/PugVDP.dir/home/user/pico-sdk/src/rp2_common/hardware_ticks/ticks.c.o
                0x10002a80                tick_start
 .text.rom_func_lookup
                0x10002a98       0x18 CMakeFiles/PugVDP.dir/home/user/pico-sdk/src/rp2_common/pico_bootrom/bootrom.c.o
                0x10002a98                rom_func_lookup
 .text.runtime_init_bootrom_locking_enable
                0x10002ab0       0x14 CMakeFiles/PugVDP.dir/home/user/pico-sdk/src/rp2_common/pico_bootrom/bootrom_lock.c.o
                0x10002ab0                runtime_init_bootrom_locking_enable
 .text.runtime_init_boot_locks_reset
                0x10002ac4       0x1c CMakeFiles/PugVDP.dir/home/user/pico-sdk/src/rp2_common/hardware_boot_lock/boot_lock.c.o
                0x10002ac4                runtime_init_boot_locks_reset
 .text.xosc_init
                0x10002ae0       0x30 CMakeFiles/PugVDP.dir/home/user/pico-sdk/src/rp2_common/hardware_xosc/xosc.c.o
                0x10002ae0                xosc_init
 .text.first_per_core_initializer
                0x10002b10        0x4 CMakeFiles/PugVDP.dir/home/user/pico-sdk/src/rp2_common/pico_runtime/runtime.c.o
 .text.hard_assertion_failure
                0x10002b14        0xc CMakeFiles/PugVDP.dir/home/user/pico-sdk/src/rp2_common/pico_runtime/runtime.c.o
                0x10002b14                hard_assertion_failure
 .text.runtime_run_initializers
                0x10002b20       0x20 CMakeFiles/PugVDP.dir/home/user/pico-sdk/src/rp2_common/pico_runtime/runtime.c.o
                0x10002b20                runtime_run_initializers
 .text.runtime_run_per_core_initializers
                0x10002b40       0x20 CMakeFiles/PugVDP.dir/home/user/pico-sdk/src/rp2_common/pico_runtime/runtime.c.o
                0x10002b40                runtime_run_per_core_initializers
 .text.runtime_init_early_resets
                0x10002b60       0x34 CMakeFiles/PugVDP.dir/home/user/pico-sdk/src/rp2_common/pico_runtime_init/runtime_init.c.o
                0x10002b60                runtime_init_early_resets
 .text.runtime_init_usb_power_down
                0x10002b94       0x1c CMakeFiles/PugVDP.dir/home/user/pico-sdk/src/rp2_common/pico_runtime_init/runtime_init.c.o
                0x10002b94                runtime_init_usb_power_down
 .text.runtime_init_per_core_enable_coprocessors
                0x10002bb0       0x1c CMakeFiles/PugVDP.dir/home/user/pico-sdk/src/rp2_common/pico_runtime_init/runtime_init.c.o
                0x10002bb0                runtime_init_per_core_enable_coprocessors
 .text.runtime_init_post_clock_resets
                0x10002bcc       0x20 CMakeFiles/PugVDP.dir/home/user/pico-sdk/src/rp2_common/pico_runtime_init/runtime_init.c.o
                0x10002bcc                runtime_init_post_clock_resets
 .text.runtime_init_bootrom_reset
                0x10002bec       0x14 CMakeFiles/PugVDP.dir/home/user/pico-sdk/src/rp2_common/pico_runtime_init/runtime_init.c.o
                0x10002bec                runtime_init_bootrom_reset
 .text.runtime_init_per_core_bootrom_reset
                0x10002c00       0x14 CMakeFiles/PugVDP.dir/home/user/pico-sdk/src/rp2_common/pico_runtime_init/runtime_init.c.o
                0x10002c00                runtime_init_per_core_bootrom_reset
 .text.runtime_init_spin_locks_reset
                0x10002c14        0x4 CMakeFiles/PugVDP.dir/home/user/pico-sdk/src/rp2_common/pico_runtime_init/runtime_init.c.o
                0x10002c14                runtime_init_spin_locks_reset
 .text.runtime_init_install_ram_vector_table
                0x10002c18       0x68 CMakeFiles/PugVDP.dir/home/user/pico-sdk/src/rp2_common/pico_runtime_init/runtime_init.c.o
                0x10002c18                runtime_init_install_ram_vector_table
 .text.runtime_init_clocks
                0x10002c80       0xdc CMakeFiles/PugVDP.dir/home/user/pico-sdk/src/rp2_common/pico_runtime_init/runtime_init_clocks.c.o
                0x10002c80                runtime_init_clocks
 .text.__wrap_malloc
                0x10002d5c       0x38 CMakeFiles/PugVDP.dir/home/user/pico-sdk/src/rp2_common/pico_malloc/malloc.c.o
                0x10002d5c                __wrap_malloc
 .text.__wrap_calloc
                0x10002d94       0x40 CMakeFiles/PugVDP.dir/home/user/pico-sdk/src/rp2_common/pico_malloc/malloc.c.o
                0x10002d94                __wrap_calloc
 .text._out_char
                0x10002dd4        0x8 CMakeFiles/PugVDP.dir/home/user/pico-sdk/src/rp2_common/pico_printf/printf.c.o
 .text.weak_raw_vprintf
                0x10002ddc       0x30 CMakeFiles/PugVDP.dir/home/user/pico-sdk/src/rp2_common/pico_printf/printf.c.o
                0x10002ddc                weak_raw_vprintf
 .text._exit    0x10002e0c        0x4 CMakeFiles/PugVDP.dir/home/user/pico-sdk/src/rp2_common/pico_clib_interface/newlib_interface.c.o
                0x10002e0c                _exit
 .text._sbrk    0x10002e10       0x2c CMakeFiles/PugVDP.dir/home/user/pico-sdk/src/rp2_common/pico_clib_interface/newlib_interface.c.o
                0x10002e10                _sbrk
 .text.exit     0x10002e3c        0x8 CMakeFiles/PugVDP.dir/home/user/pico-sdk/src/rp2_common/pico_clib_interface/newlib_interface.c.o
                0x10002e3c                exit
 .text.runtime_init
                0x10002e44       0x24 CMakeFiles/PugVDP.dir/home/user/pico-sdk/src/rp2_common/pico_clib_interface/newlib_interface.c.o
                0x10002e44                runtime_init
 .text.stdio_out_chars_no_crlf
                0x10002e68        0x8 CMakeFiles/PugVDP.dir/home/user/pico-sdk/src/rp2_common/pico_stdio/stdio.c.o
 .text.stdio_out_chars_crlf
                0x10002e70       0xac CMakeFiles/PugVDP.dir/home/user/pico-sdk/src/rp2_common/pico_stdio/stdio.c.o
 .text.stdio_put_string
                0x10002f1c       0xf0 CMakeFiles/PugVDP.dir/home/user/pico-sdk/src/rp2_common/pico_stdio/stdio.c.o
                0x10002f1c                stdio_put_string
 .text.__wrap_putchar
                0x1000300c       0x84 CMakeFiles/PugVDP.dir/home/user/pico-sdk/src/rp2_common/pico_stdio/stdio.c.o
                0x1000300c                stdio_putchar
                0x1000300c                __wrap_putchar
 .text.__wrap_puts
                0x10003090       0x3c CMakeFiles/PugVDP.dir/home/user/pico-sdk/src/rp2_common/pico_stdio/stdio.c.o
                0x10003090                __wrap_puts
                0x10003090                stdio_puts
 .text.core1_trampoline
                0x100030cc        0x4 CMakeFiles/PugVDP.dir/home/user/pico-sdk/src/rp2_common/pico_multicore/multicore.c.o
 .text.core1_wrapper
                0x100030d0       0x10 CMakeFiles/PugVDP.dir/home/user/pico-sdk/src/rp2_common/pico_multicore/multicore.c.o
                0x100030d0                core1_wrapper
 .text.multicore_launch_core1_raw
                0x100030e0       0x88 CMakeFiles/PugVDP.dir/home/user/pico-sdk/src/rp2_common/pico_multicore/multicore.c.o
                0x100030e0                multicore_launch_core1_raw
 .text.multicore_launch_core1
                0x10003168       0x44 CMakeFiles/PugVDP.dir/home/user/pico-sdk/src/rp2_common/pico_multicore/multicore.c.o
                0x10003168                multicore_launch_core1
 .text.dvi_init
                0x100031ac      0x174 CMakeFiles/PugVDP.dir/__/libdvi/dvi.c.o
                0x100031ac                dvi_init
 .text.dvi_register_irqs_this_core
                0x10003320       0xa8 CMakeFiles/PugVDP.dir/__/libdvi/dvi.c.o
                0x10003320                dvi_register_irqs_this_core
 .text.dvi_start
                0x100033c8       0xf4 CMakeFiles/PugVDP.dir/__/libdvi/dvi.c.o
                0x100033c8                dvi_start
 .text.dvi_serialiser_init
                0x100034bc      0x1b4 CMakeFiles/PugVDP.dir/__/libdvi/dvi_serialiser.c.o
                0x100034bc                dvi_serialiser_init
 .text.dvi_serialiser_enable
                0x10003670       0x8c CMakeFiles/PugVDP.dir/__/libdvi/dvi_serialiser.c.o
                0x10003670                dvi_serialiser_enable
 .text.dvi_timing_state_init
                0x100036fc        0x8 CMakeFiles/PugVDP.dir/__/libdvi/dvi_timing.c.o
                0x100036fc                dvi_timing_state_init
 .text.dvi_setup_scanline_for_vblank
                0x10003704      0x110 CMakeFiles/PugVDP.dir/__/libdvi/dvi_timing.c.o
                0x10003704                dvi_setup_scanline_for_vblank
 .text.dvi_setup_scanline_for_active
                0x10003814      0x19c CMakeFiles/PugVDP.dir/__/libdvi/dvi_timing.c.o
                0x10003814                dvi_setup_scanline_for_active
 .text.dma_claim_unused_channel
                0x100039b0       0x20 CMakeFiles/PugVDP.dir/home/user/pico-sdk/src/rp2_common/hardware_dma/dma.c.o
                0x100039b0                dma_claim_unused_channel
 .text.pio_sm_claim
                0x100039d0       0x40 CMakeFiles/PugVDP.dir/home/user/pico-sdk/src/rp2_common/hardware_pio/pio.c.o
                0x100039d0                pio_sm_claim
 .text.pio_add_program
                0x10003a10       0xf8 CMakeFiles/PugVDP.dir/home/user/pico-sdk/src/rp2_common/hardware_pio/pio.c.o
                0x10003a10                pio_add_program
 .text.pio_sm_set_pins_with_mask
                0x10003b08       0x68 CMakeFiles/PugVDP.dir/home/user/pico-sdk/src/rp2_common/hardware_pio/pio.c.o
                0x10003b08                pio_sm_set_pins_with_mask
 .text.pio_sm_set_pindirs_with_mask
                0x10003b70       0x6c CMakeFiles/PugVDP.dir/home/user/pico-sdk/src/rp2_common/hardware_pio/pio.c.o
                0x10003b70                pio_sm_set_pindirs_with_mask
 .text.pio_sm_set_consecutive_pindirs
                0x10003bdc       0x8c CMakeFiles/PugVDP.dir/home/user/pico-sdk/src/rp2_common/hardware_pio/pio.c.o
                0x10003bdc                pio_sm_set_consecutive_pindirs
 .text.pio_sm_init
                0x10003c68       0xa8 CMakeFiles/PugVDP.dir/home/user/pico-sdk/src/rp2_common/hardware_pio/pio.c.o
                0x10003c68                pio_sm_init
 .text          0x10003d10       0xa4 /usr/lib/gcc/arm-none-eabi/13.2.1/../../../arm-none-eabi/lib/thumb/v8-m.main+fp/softfp/libg.a(libc_a-memset.o)
                0x10003d10                memset
 .text          0x10003db4       0x10 /usr/lib/gcc/arm-none-eabi/13.2.1/../../../arm-none-eabi/lib/thumb/v8-m.main+fp/softfp/libg.a(libc_a-calloc.o)
                0x10003db4                calloc
 .text          0x10003dc4        0xc /usr/lib/gcc/arm-none-eabi/13.2.1/../../../arm-none-eabi/lib/thumb/v8-m.main+fp/softfp/libg.a(libc_a-errno.o)
                0x10003dc4                __errno
 .text          0x10003dd0       0x70 /usr/lib/gcc/arm-none-eabi/13.2.1/../../../arm-none-eabi/lib/thumb/v8-m.main+fp/softfp/libg.a(libc_a-callocr.o)
                0x10003dd0                _calloc_r
 .text          0x10003e40      0x548 /usr/lib/gcc/arm-none-eabi/13.2.1/../../../arm-none-eabi/lib/thumb/v8-m.main+fp/softfp/libg.a(libc_a-mallocr.o)
                0x10003e40                _malloc_r
 .text          0x10004388      0x2b0 /usr/lib/gcc/arm-none-eabi/13.2.1/../../../arm-none-eabi/lib/thumb/v8-m.main+fp/softfp/libg.a(libc_a-freer.o)
                0x10004388                _malloc_trim_r
                0x10004440                _free_r
 .text          0x10004638       0x20 /usr/lib/gcc/arm-none-eabi/13.2.1/../../../arm-none-eabi/lib/thumb/v8-m.main+fp/softfp/libg.a(libc_a-malloc.o)
                0x10004638                malloc
                0x10004648                free
 .text          0x10004658       0xec /usr/lib/gcc/arm-none-eabi/13.2.1/../../../arm-none-eabi/lib/thumb/v8-m.main+fp/softfp/libg.a(libc_a-memcpy.o)
                0x10004658                memcpy
 .text          0x10004744       0x1c /usr/lib/gcc/arm-none-eabi/13.2.1/../../../arm-none-eabi/lib/thumb/v8-m.main+fp/softfp/libg.a(libc_a-sysconf.o)
                0x10004744                sysconf
 .text          0x10004760        0x8 /usr/lib/gcc/arm-none-eabi/13.2.1/../../../arm-none-eabi/lib/thumb/v8-m.main+fp/softfp/libg.a(libc_a-mlock.o)
                0x10004760                __malloc_lock
                0x10004764                __malloc_unlock
 .text          0x10004768        0xc /usr/lib/gcc/arm-none-eabi/13.2.1/../../../arm-none-eabi/lib/thumb/v8-m.main+fp/softfp/libg.a(libc_a-atexit.o)
                0x10004768                atexit
 .text          0x10004774       0x5c /usr/lib/gcc/arm-none-eabi/13.2.1/../../../arm-none-eabi/lib/thumb/v8-m.main+fp/softfp/libg.a(libc_a-strlen-stub.o)
                0x10004774                strlen
 .text          0x100047d0       0x24 /usr/lib/gcc/arm-none-eabi/13.2.1/../../../arm-none-eabi/lib/thumb/v8-m.main+fp/softfp/libg.a(libc_a-sbrkr.o)
                0x100047d0                _sbrk_r
 .text          0x100047f4       0x28 /usr/lib/gcc/arm-none-eabi/13.2.1/../../../arm-none-eabi/lib/thumb/v8-m.main+fp/softfp/libg.a(libc_a-fini.o)
                0x100047f4                __libc_fini_array
 .text          0x1000481c       0x64 /usr/lib/gcc/arm-none-eabi/13.2.1/../../../arm-none-eabi/lib/thumb/v8-m.main+fp/softfp/libg.a(libc_a-__atexit.o)
                0x1000481c                __register_exitproc
 .text.startup  0x10004880       0x14 /usr/lib/gcc/arm-none-eabi/13.2.1/../../../arm-none-eabi/lib/thumb/v8-m.main+fp/softfp/libg.a(libc_a-__call_atexit.o)
 *(.fini)
 .fini          0x10004894        0x4 /usr/lib/gcc/arm-none-eabi/13.2.1/thumb/v8-m.main+fp/softfp/crti.o
                0x10004894                _fini
 .fini.__stub   0x10004898       0x20 linker stubs
 *crtbegin.o(.ctors)
 *crtbegin?.o(.ctors)
 *(EXCLUDE_FILE(*crtend.o *crtend?.o) .ctors)
 *(SORT_BY_NAME(.ctors.*))
 *(.ctors)
 *crtbegin.o(.dtors)
 *crtbegin?.o(.dtors)
 *(EXCLUDE_FILE(*crtend.o *crtend?.o) .dtors)
 *(SORT_BY_NAME(.dtors.*))
 *(.dtors)
                0x100048b8                        . = ALIGN (0x4)
                0x100048b8                        PROVIDE (__preinit_array_start = .)
 *(SORT_BY_NAME(.preinit_array.*))
 .preinit_array.00050
                0x100048b8        0x4 CMakeFiles/PugVDP.dir/home/user/pico-sdk/src/rp2_common/pico_runtime_init/runtime_init.c.o
                0x100048b8                __pre_init_runtime_init_bootrom_reset
 .preinit_array.00100
                0x100048bc        0x4 CMakeFiles/PugVDP.dir/home/user/pico-sdk/src/rp2_common/pico_runtime_init/runtime_init.c.o
                0x100048bc                __pre_init_runtime_init_early_resets
 .preinit_array.00101
                0x100048c0        0x4 CMakeFiles/PugVDP.dir/home/user/pico-sdk/src/rp2_common/pico_runtime_init/runtime_init.c.o
                0x100048c0                __pre_init_runtime_init_usb_power_down
 .preinit_array.00500
                0x100048c4        0x4 CMakeFiles/PugVDP.dir/home/user/pico-sdk/src/rp2_common/pico_runtime_init/runtime_init.c.o
                0x100048c4                __pre_init_runtime_init_clocks
 .preinit_array.00600
                0x100048c8        0x4 CMakeFiles/PugVDP.dir/home/user/pico-sdk/src/rp2_common/pico_runtime_init/runtime_init.c.o
                0x100048c8                __pre_init_runtime_init_post_clock_resets
 .preinit_array.01000
                0x100048cc        0x4 CMakeFiles/PugVDP.dir/home/user/pico-sdk/src/rp2_common/hardware_boot_lock/boot_lock.c.o
                0x100048cc                __pre_init_runtime_init_boot_locks_reset
 .preinit_array.01000
                0x100048d0        0x4 CMakeFiles/PugVDP.dir/home/user/pico-sdk/src/rp2_common/pico_runtime_init/runtime_init.c.o
                0x100048d0                __pre_init_runtime_init_spin_locks_reset
 .preinit_array.01010
                0x100048d4        0x4 CMakeFiles/PugVDP.dir/home/user/pico-sdk/src/rp2_common/pico_bootrom/bootrom_lock.c.o
                0x100048d4                __pre_init_runtime_init_bootrom_locking_enable
 .preinit_array.01100
                0x100048d8        0x4 CMakeFiles/PugVDP.dir/home/user/pico-sdk/src/common/pico_sync/mutex.c.o
                0x100048d8                __pre_init_runtime_init_mutex
 .preinit_array.10080
                0x100048dc        0x4 CMakeFiles/PugVDP.dir/home/user/pico-sdk/src/rp2_common/pico_runtime_init/runtime_init.c.o
                0x100048dc                __pre_init_runtime_init_install_ram_vector_table
 .preinit_array.11000
                0x100048e0        0x4 CMakeFiles/PugVDP.dir/home/user/pico-sdk/src/common/pico_time/time.c.o
                0x100048e0                __pre_init_runtime_init_default_alarm_pool
 .preinit_array.YYYYY
                0x100048e4        0x4 CMakeFiles/PugVDP.dir/home/user/pico-sdk/src/rp2_common/pico_runtime/runtime.c.o
                0x100048e4                __pre_init_first_per_core_initializer
 .preinit_array.ZZZZZ.00051
                0x100048e8        0x4 CMakeFiles/PugVDP.dir/home/user/pico-sdk/src/rp2_common/pico_runtime_init/runtime_init.c.o
                0x100048e8                __pre_init_runtime_init_per_core_bootrom_reset
 .preinit_array.ZZZZZ.00200
                0x100048ec        0x4 CMakeFiles/PugVDP.dir/home/user/pico-sdk/src/rp2_common/pico_runtime_init/runtime_init.c.o
                0x100048ec                __pre_init_runtime_init_per_core_enable_coprocessors
 .preinit_array.ZZZZZ.01000
                0x100048f0        0x4 CMakeFiles/PugVDP.dir/home/user/pico-sdk/src/rp2_common/hardware_sync_spin_lock/sync_spin_lock.c.o
                0x100048f0                __pre_init_spinlock_set_extexclall
 .preinit_array.ZZZZZ.01200
                0x100048f4        0x4 CMakeFiles/PugVDP.dir/home/user/pico-sdk/src/rp2_common/hardware_irq/irq.c.o
                0x100048f4                __pre_init_runtime_init_per_core_irq_priorities
 *(.preinit_array)
                0x100048f8                        PROVIDE (__preinit_array_end = .)
                0x100048f8                        . = ALIGN (0x4)
                0x100048f8                        PROVIDE (__init_array_start = .)
 *(SORT_BY_NAME(.init_array.*))
 .init_array.00000
                0x100048f8        0x4 /usr/lib/gcc/arm-none-eabi/13.2.1/../../../arm-none-eabi/lib/thumb/v8-m.main+fp/softfp/libg.a(libc_a-__call_atexit.o)
 *(.init_array)
 .init_array    0x100048fc        0x4 /usr/lib/gcc/arm-none-eabi/13.2.1/thumb/v8-m.main+fp/softfp/crtbegin.o
                0x10004900                        PROVIDE (__init_array_end = .)
                0x10004900                        . = ALIGN (0x4)
                0x10004900                        PROVIDE (__fini_array_start = .)
 *(SORT_BY_NAME(.fini_array.*))
 *(.fini_array)
                0x10004900                        PROVIDE (__fini_array_end = .)
 *(.eh_frame*)
 .eh_frame      0x10004900        0x0 /usr/lib/gcc/arm-none-eabi/13.2.1/thumb/v8-m.main+fp/softfp/crtbegin.o
                0x10004900                        . = ALIGN (0x4)

.glue_7         0x10004900        0x0
 .glue_7        0x10004900        0x0 linker stubs

.glue_7t        0x10004900        0x0
 .glue_7t       0x10004900        0x0 linker stubs

.vfp11_veneer   0x10004900        0x0
 .vfp11_veneer  0x10004900        0x0 linker stubs

.v4_bx          0x10004900        0x0
 .v4_bx         0x10004900        0x0 linker stubs

.iplt           0x10004900        0x0
 .iplt          0x10004900        0x0 /usr/lib/gcc/arm-none-eabi/13.2.1/thumb/v8-m.main+fp/softfp/crtbegin.o

.boot2          0x10004900        0x0
                0x10004900                        __boot2_start__ = .
 *(.boot2)
                0x10004900                        __boot2_end__ = .
                0x00000001                        ASSERT (((__boot2_end__ - __boot2_start__) <= 0x100), ERROR: Pico second stage bootloader must be no more than 256 bytes in size)

.rodata         0x10004900     0x4618
 *(EXCLUDE_FILE(*libm.a: *libc.a:*lib_a-mem*.o *libgcc.a:) .rodata*)
 .rodata.str1.4
                0x10004900      0x19e CMakeFiles/PugVDP.dir/main.c.o
                                 0x32 (size before relaxing)
 *fill*         0x10004a9e        0x2 
 .rodata.bus_interface_program
                0x10004aa0        0x8 CMakeFiles/PugVDP.dir/main.c.o
 .rodata.bus_interface_program_instructions
                0x10004aa8        0xc CMakeFiles/PugVDP.dir/main.c.o
 .rodata.text_printc.str1.4
                0x10004ab4        0x2 CMakeFiles/PugVDP.dir/mode_text.c.o
 .rodata        0x10004ab4     0x1000 CMakeFiles/PugVDP.dir/mode_text.c.o
 .rodata.panic.str1.4
                0x10005ab4       0x12 CMakeFiles/PugVDP.dir/home/user/pico-sdk/src/rp2_common/pico_platform_panic/panic.c.o
 .rodata.timer_hardware_alarm_claim.str1.4
                0x10005ab4       0x22 CMakeFiles/PugVDP.dir/home/user/pico-sdk/src/rp2_common/hardware_timer/timer.c.o
 .rodata.hard_assertion_failure.str1.4
                0x10005ab4        0xc CMakeFiles/PugVDP.dir/home/user/pico-sdk/src/rp2_common/pico_runtime/runtime.c.o
 .rodata.__wrap_malloc.str1.4
                0x10005ab4        0xe CMakeFiles/PugVDP.dir/home/user/pico-sdk/src/rp2_common/pico_malloc/malloc.c.o
 .rodata.str1.4
                0x10005ab4       0x50 CMakeFiles/PugVDP.dir/home/user/pico-sdk/src/rp2_common/pico_standard_binary_info/standard_binary_info.c.o
 .rodata.__bi_84
                0x10005ab4        0xc CMakeFiles/PugVDP.dir/home/user/pico-sdk/src/rp2_common/pico_standard_binary_info/standard_binary_info.c.o
 .rodata.__bi_78
                0x10005ac0        0xc CMakeFiles/PugVDP.dir/home/user/pico-sdk/src/rp2_common/pico_standard_binary_info/standard_binary_info.c.o
 .rodata.__bi_54
                0x10005acc        0xc CMakeFiles/PugVDP.dir/home/user/pico-sdk/src/rp2_common/pico_standard_binary_info/standard_binary_info.c.o
 .rodata.__bi_48
                0x10005ad8        0xc CMakeFiles/PugVDP.dir/home/user/pico-sdk/src/rp2_common/pico_standard_binary_info/standard_binary_info.c.o
 .rodata.__bi_42
                0x10005ae4        0xc CMakeFiles/PugVDP.dir/home/user/pico-sdk/src/rp2_common/pico_standard_binary_info/standard_binary_info.c.o
 .rodata.__bi_34
                0x10005af0        0xc CMakeFiles/PugVDP.dir/home/user/pico-sdk/src/rp2_common/pico_standard_binary_info/standard_binary_info.c.o
 .rodata.__bi_26
                0x10005afc        0xc CMakeFiles/PugVDP.dir/home/user/pico-sdk/src/rp2_common/pico_standard_binary_info/standard_binary_info.c.o
 .rodata.crlf_str.0
                0x10005b08        0x2 CMakeFiles/PugVDP.dir/home/user/pico-sdk/src/rp2_common/pico_stdio/stdio.c.o
 .rodata.str1.4
                0x10005b0a       0x1d CMakeFiles/PugVDP.dir/__/libdvi/dvi.c.o
 .rodata.dvi_init.str1.4
                0x10005b0a       0x1e CMakeFiles/PugVDP.dir/__/libdvi/dvi.c.o
 *fill*         0x10005b0a        0x2 
 .rodata.dvi_serialiser_program
                0x10005b0c        0x8 CMakeFiles/PugVDP.dir/__/libdvi/dvi_serialiser.c.o
 .rodata.dvi_serialiser_program_instructions
                0x10005b14        0x4 CMakeFiles/PugVDP.dir/__/libdvi/dvi_serialiser.c.o
 .rodata.dma_claim_unused_channel.str1.4
                0x10005b18       0x1e CMakeFiles/PugVDP.dir/home/user/pico-sdk/src/rp2_common/hardware_dma/dma.c.o
 .rodata.pio_sm_claim.str1.4
                0x10005b18       0x62 CMakeFiles/PugVDP.dir/home/user/pico-sdk/src/rp2_common/hardware_pio/pio.c.o
 *(.srodata*)
                0x10005b7c                        . = ALIGN (0x4)
 *(SORT_BY_ALIGNMENT(SORT_BY_NAME(.flashdata*)))
 .flashdata.    0x10005b18     0x3400 CMakeFiles/PugVDP.dir/mode_text.c.o
                0x10005b18                font_8x4_semi
                0x10005f18                font_8x8_semi
                0x10006718                font_8x8_cga
                0x10006f18                font_8x16_semi
                0x10007f18                font_8x16_vga
                0x10008f18                        . = ALIGN (0x4)

.ARM.extab
 *(.ARM.extab* .gnu.linkonce.armextab.*)
                0x10008f18                        __exidx_start = .

.ARM.exidx      0x10008f18        0x8
 *(.ARM.exidx* .gnu.linkonce.armexidx.*)
 .ARM.exidx     0x10008f18        0x8 /usr/lib/gcc/arm-none-eabi/13.2.1/../../../arm-none-eabi/lib/thumb/v8-m.main+fp/softfp/libg.a(libc_a-memcpy.o)
                0x10008f20                        __exidx_end = .
                0x10008f20                        . = ALIGN (0x4)
                0x10008f20                        __binary_info_start = .

.binary_info    0x10008f20       0x1c
 *(.binary_info.keep.*)
 .binary_info.keep.__bi_ptr84
                0x10008f20        0x4 CMakeFiles/PugVDP.dir/home/user/pico-sdk/src/rp2_common/pico_standard_binary_info/standard_binary_info.c.o
 .binary_info.keep.__bi_ptr78
                0x10008f24        0x4 CMakeFiles/PugVDP.dir/home/user/pico-sdk/src/rp2_common/pico_standard_binary_info/standard_binary_info.c.o
 .binary_info.keep.__bi_ptr54
                0x10008f28        0x4 CMakeFiles/PugVDP.dir/home/user/pico-sdk/src/rp2_common/pico_standard_binary_info/standard_binary_info.c.o
 .binary_info.keep.__bi_ptr48
                0x10008f2c        0x4 CMakeFiles/PugVDP.dir/home/user/pico-sdk/src/rp2_common/pico_standard_binary_info/standard_binary_info.c.o
 .binary_info.keep.__bi_ptr42
                0x10008f30        0x4 CMakeFiles/PugVDP.dir/home/user/pico-sdk/src/rp2_common/pico_standard_binary_info/standard_binary_info.c.o
 .binary_info.keep.__bi_ptr34
                0x10008f34        0x4 CMakeFiles/PugVDP.dir/home/user/pico-sdk/src/rp2_common/pico_standard_binary_info/standard_binary_info.c.o
 .binary_info.keep.__bi_ptr26
                0x10008f38        0x4 CMakeFiles/PugVDP.dir/home/user/pico-sdk/src/rp2_common/pico_standard_binary_info/standard_binary_info.c.o
 *(.binary_info.*)
                0x10008f3c                        __binary_info_end = .
                0x10008f3c                        . = ALIGN (0x4)

.ram_vector_table
                0x20000000      0x110
 *(.ram_vector_table)
 .ram_vector_table
                0x20000000      0x110 CMakeFiles/PugVDP.dir/home/user/pico-sdk/src/rp2_common/pico_runtime_init/runtime_init.c.o
                0x20000000                ram_vector_table

.uninitialized_data
                0x20000110        0x0
                0x20000110                        . = ALIGN (0x4)
 *(.uninitialized_data*)

.data           0x20000110      0xf18 load address 0x10008f3c
                0x20000110                        __data_start__ = .
 *(vtable)
 *(.time_critical*)
 .time_critical.main
                0x20000110      0x1a4 CMakeFiles/PugVDP.dir/main.c.o
                0x20000110                main
 .time_critical.mutex_enter_blocking
                0x200002b4       0x80 CMakeFiles/PugVDP.dir/home/user/pico-sdk/src/common/pico_sync/mutex.c.o
                0x200002b4                mutex_enter_blocking
 .time_critical.mutex_enter_block_until
                0x20000334       0x70 CMakeFiles/PugVDP.dir/home/user/pico-sdk/src/common/pico_sync/mutex.c.o
                0x20000334                mutex_enter_block_until
 .time_critical.mutex_try_enter_block_until
                0x200003a4       0x6c CMakeFiles/PugVDP.dir/home/user/pico-sdk/src/common/pico_sync/mutex.c.o
                0x200003a4                mutex_try_enter_block_until
 .time_critical.mutex_exit
                0x20000410       0x3c CMakeFiles/PugVDP.dir/home/user/pico-sdk/src/common/pico_sync/mutex.c.o
                0x20000410                mutex_exit
 .time_critical.dvi_dma_irq_handler
                0x2000044c      0x4fc CMakeFiles/PugVDP.dir/__/libdvi/dvi.c.o
 .time_critical.dvi_dma1_irq
                0x20000948       0x1c CMakeFiles/PugVDP.dir/__/libdvi/dvi.c.o
 .time_critical.dvi_dma0_irq
                0x20000964       0x1c CMakeFiles/PugVDP.dir/__/libdvi/dvi.c.o
 .time_critical.dvi_timing_state_advance
                0x20000980       0x44 CMakeFiles/PugVDP.dir/__/libdvi/dvi_timing.c.o
                0x20000980                dvi_timing_state_advance
 .time_critical.dvi_update_scanline_data_dma
                0x200009c4       0x14 CMakeFiles/PugVDP.dir/__/libdvi/dvi_timing.c.o
                0x200009c4                dvi_update_scanline_data_dma
 .time_critical.dvi_update_scanline_data_dma.__stub
                0x200009d8       0x90 linker stubs
 .time_critical.empty_scanline_tmds
                0x20000a68        0xc CMakeFiles/PugVDP.dir/__/libdvi/dvi_timing.c.o
 .time_critical.dvi_ctrl_syms
                0x20000a74       0x10 CMakeFiles/PugVDP.dir/__/libdvi/dvi_timing.c.o
                0x20000a74                dvi_ctrl_syms
 .time_critical.dvi_timing_640x480p_60hz
                0x20000a84       0x2c CMakeFiles/PugVDP.dir/__/libdvi/dvi_timing.c.o
                0x20000a84                dvi_timing_640x480p_60hz
 *(.text*)
                0x20000ab0                        . = ALIGN (0x4)
 *(.rodata*)
                0x20000ab0                        . = ALIGN (0x4)
 *(.data*)
 .data.selected_cmd_first_data
                0x20000ab0        0x1 CMakeFiles/PugVDP.dir/commands.c.o
                0x20000ab0                selected_cmd_first_data
 *fill*         0x20000ab1        0x1 
 .data.selected_cmd
                0x20000ab2        0x2 CMakeFiles/PugVDP.dir/commands.c.o
                0x20000ab2                selected_cmd
 .data.pio      0x20000ab4        0x4 CMakeFiles/PugVDP.dir/main.c.o
                0x20000ab4                pio
 .data.text_color_fg
                0x20000ab8        0x1 CMakeFiles/PugVDP.dir/mode_text.c.o
                0x20000ab8                text_color_fg
 .data.text_color_bg
                0x20000ab9        0x1 CMakeFiles/PugVDP.dir/mode_text.c.o
                0x20000ab9                text_color_bg
 .data.text_area_h
                0x20000aba        0x1 CMakeFiles/PugVDP.dir/mode_text.c.o
                0x20000aba                text_area_h
 .data.text_area_w
                0x20000abb        0x1 CMakeFiles/PugVDP.dir/mode_text.c.o
                0x20000abb                text_area_w
 .data.text_curs_state
                0x20000abc        0x1 CMakeFiles/PugVDP.dir/mode_text.c.o
                0x20000abc                text_curs_state
 .data.text_curs_blink_period
                0x20000abd        0x1 CMakeFiles/PugVDP.dir/mode_text.c.o
                0x20000abd                text_curs_blink_period
 .data.text_curs_vis
                0x20000abe        0x1 CMakeFiles/PugVDP.dir/mode_text.c.o
                0x20000abe                text_curs_vis
 .data.text_tab_size
                0x20000abf        0x1 CMakeFiles/PugVDP.dir/mode_text.c.o
                0x20000abf                text_tab_size
 .data.font_set_pointer
                0x20000ac0        0x4 CMakeFiles/PugVDP.dir/mode_text.c.o
                0x20000ac0                font_set_pointer
 .data.striped_spin_lock_num
                0x20000ac4        0x1 CMakeFiles/PugVDP.dir/home/user/pico-sdk/src/rp2_common/hardware_sync/sync.c.o
 *fill*         0x20000ac5        0x3 
 .data.default_alarm_pool
                0x20000ac8       0x18 CMakeFiles/PugVDP.dir/home/user/pico-sdk/src/common/pico_time/time.c.o
 .data          0x20000ae0      0x128 /usr/lib/gcc/arm-none-eabi/13.2.1/../../../arm-none-eabi/lib/thumb/v8-m.main+fp/softfp/libg.a(libc_a-impure.o)
                0x20000ae0                _impure_ptr
                0x20000ae8                _impure_data
 .data          0x20000c08      0x410 /usr/lib/gcc/arm-none-eabi/13.2.1/../../../arm-none-eabi/lib/thumb/v8-m.main+fp/softfp/libg.a(libc_a-mallocr.o)
                0x20000c08                __malloc_av_
                0x20001010                __malloc_sbrk_base
                0x20001014                __malloc_trim_threshold
 *(.sdata*)
                0x20001018                        . = ALIGN (0x4)
 *(.after_data.*)
                0x20001018                        . = ALIGN (0x4)
                0x20001018                        PROVIDE (__mutex_array_start = .)
 *(SORT_BY_NAME(.mutex_array.*))
 *(.mutex_array)
 .mutex_array   0x20001018        0x8 CMakeFiles/PugVDP.dir/home/user/pico-sdk/src/rp2_common/pico_malloc/malloc.c.o
 .mutex_array   0x20001020        0x8 CMakeFiles/PugVDP.dir/home/user/pico-sdk/src/rp2_common/pico_stdio/stdio.c.o
                0x20001028                        PROVIDE (__mutex_array_end = .)
 *(.jcr)
                0x20001028                        . = ALIGN (0x4)

.tm_clone_table
                0x20001028        0x0 load address 0x10009e54
 .tm_clone_table
                0x20001028        0x0 /usr/lib/gcc/arm-none-eabi/13.2.1/thumb/v8-m.main+fp/softfp/crtbegin.o
 .tm_clone_table
                0x20001028        0x0 /usr/lib/gcc/arm-none-eabi/13.2.1/thumb/v8-m.main+fp/softfp/crtend.o

.igot.plt       0x20001028        0x0 load address 0x10009e54
 .igot.plt      0x20001028        0x0 /usr/lib/gcc/arm-none-eabi/13.2.1/thumb/v8-m.main+fp/softfp/crtbegin.o

.tdata          0x20001028        0x0 load address 0x10009e54
                0x20001028                        . = ALIGN (0x4)
 *(.tdata .tdata.* .gnu.linkonce.td.*)
                0x20001028                        __tdata_end = .
                0x20001028                        PROVIDE (__data_end__ = .)
                0x10008f3c                        __etext = LOADADDR (.data)

.tbss           0x20001028        0x0 load address 0x10009e54
                0x20001028                        . = ALIGN (0x4)
                0x20001028                        __bss_start__ = .
                0x20001028                        __tls_base = .
 *(.tbss .tbss.* .gnu.linkonce.tb.*)
 *(.tcommon)
                0x20001028                        __tls_end = .

.bss            0x20001028     0x84e4 load address 0x10009e54
                0x20001028                        . = ALIGN (0x4)
                0x20001028                        __tbss_end = .
 *(SORT_BY_ALIGNMENT(SORT_BY_NAME(.bss*)))
 .bss.default_alarm_pool_entries
                0x20001028      0x180 CMakeFiles/PugVDP.dir/home/user/pico-sdk/src/common/pico_time/time.c.o
 .bss.dvi0      0x200011a8      0x2b4 CMakeFiles/PugVDP.dir/main.c.o
                0x200011a8                dvi0
 .bss           0x2000145c       0x1c /usr/lib/gcc/arm-none-eabi/13.2.1/thumb/v8-m.main+fp/softfp/crtbegin.o
 .bss           0x20001478       0x34 /usr/lib/gcc/arm-none-eabi/13.2.1/../../../arm-none-eabi/lib/thumb/v8-m.main+fp/softfp/libg.a(libc_a-mallocr.o)
                0x20001478                __malloc_top_pad
                0x2000147c                __malloc_current_mallinfo
                0x200014a4                __malloc_max_sbrked_mem
                0x200014a8                __malloc_max_total_mem
 .bss           0x200014ac      0x13c /usr/lib/gcc/arm-none-eabi/13.2.1/../../../arm-none-eabi/lib/thumb/v8-m.main+fp/softfp/libg.a(libc_a-findfp.o)
                0x200014ac                __sf
                0x200015e4                __stdio_exit_handler
 .bss           0x200015e8        0x4 /usr/lib/gcc/arm-none-eabi/13.2.1/../../../arm-none-eabi/lib/thumb/v8-m.main+fp/softfp/libg.a(libc_a-reent.o)
                0x200015e8                errno
 .bss           0x200015ec      0x190 /usr/lib/gcc/arm-none-eabi/13.2.1/../../../arm-none-eabi/lib/thumb/v8-m.main+fp/softfp/libg.a(libc_a-__atexit.o)
                0x200015ec                __atexit0
 .bss           0x2000177c        0x4 /usr/lib/gcc/arm-none-eabi/13.2.1/../../../arm-none-eabi/lib/thumb/v8-m.main+fp/softfp/libg.a(libc_a-__call_atexit.o)
                0x2000177c                __atexit
 .bss._sw_spin_locks
                0x20001780       0x20 CMakeFiles/PugVDP.dir/home/user/pico-sdk/src/rp2_common/hardware_sync_spin_lock/sync_spin_lock.c.o
                0x20001780                _sw_spin_locks
 .bss._used_instruction_space
                0x200017a0        0xc CMakeFiles/PugVDP.dir/home/user/pico-sdk/src/rp2_common/hardware_pio/pio.c.o
 .bss.args_buf  0x200017ac      0x200 CMakeFiles/PugVDP.dir/commands.c.o
                0x200017ac                args_buf
 .bss.claimed   0x200019ac        0x2 CMakeFiles/PugVDP.dir/home/user/pico-sdk/src/rp2_common/hardware_timer/timer.c.o
 *fill*         0x200019ae        0x2 
 .bss.claimed   0x200019b0        0x2 CMakeFiles/PugVDP.dir/home/user/pico-sdk/src/rp2_common/hardware_pio/pio.c.o
 *fill*         0x200019b2        0x2 
 .bss.cmd_arg_byte_idx
                0x200019b4        0x4 CMakeFiles/PugVDP.dir/commands.c.o
                0x200019b4                cmd_arg_byte_idx
 .bss.colorbuf  0x200019b8     0x3840 CMakeFiles/PugVDP.dir/mode_text.c.o
                0x200019b8                colorbuf
 .bss.command_functions
                0x200051f8      0x400 CMakeFiles/PugVDP.dir/commands.c.o
                0x200051f8                command_functions
 .bss.command_initial_args_sz
                0x200055f8      0x100 CMakeFiles/PugVDP.dir/commands.c.o
                0x200055f8                command_initial_args_sz
 .bss.configured_freq
                0x200056f8       0x28 CMakeFiles/PugVDP.dir/home/user/pico-sdk/src/rp2_common/hardware_clocks/clocks.c.o
 .bss.dma_irq_privdata
                0x20005720        0x8 CMakeFiles/PugVDP.dir/__/libdvi/dvi.c.o
 .bss.drivers   0x20005728        0x4 CMakeFiles/PugVDP.dir/home/user/pico-sdk/src/rp2_common/pico_stdio/stdio.c.o
 .bss.dumb_buf  0x2000572c      0x400 CMakeFiles/PugVDP.dir/main.c.o
                0x2000572c                dumb_buf
 .bss.dumb_fifo
                0x20005b2c      0x400 CMakeFiles/PugVDP.dir/main.c.o
                0x20005b2c                dumb_fifo
 .bss.dumb_head
                0x20005f2c        0x4 CMakeFiles/PugVDP.dir/main.c.o
                0x20005f2c                dumb_head
 .bss.dumb_tail
                0x20005f30        0x4 CMakeFiles/PugVDP.dir/main.c.o
                0x20005f30                dumb_tail
 .bss.filter    0x20005f34        0x4 CMakeFiles/PugVDP.dir/home/user/pico-sdk/src/rp2_common/pico_stdio/stdio.c.o
 .bss.font_buf  0x20005f38     0x1000 CMakeFiles/PugVDP.dir/mode_text.c.o
                0x20005f38                font_buf
 .bss.heap_end.0
                0x20006f38        0x4 CMakeFiles/PugVDP.dir/home/user/pico-sdk/src/rp2_common/pico_clib_interface/newlib_interface.c.o
 .bss.last_dumb_head
                0x20006f3c        0x4 CMakeFiles/PugVDP.dir/main.c.o
                0x20006f3c                last_dumb_head
 .bss.lazy_vsnprintf
                0x20006f40        0x4 CMakeFiles/PugVDP.dir/home/user/pico-sdk/src/rp2_common/pico_printf/printf.c.o
 .bss.pio_offset
                0x20006f44        0x4 CMakeFiles/PugVDP.dir/main.c.o
                0x20006f44                pio_offset
 .bss.pools     0x20006f48       0x20 CMakeFiles/PugVDP.dir/home/user/pico-sdk/src/common/pico_time/time.c.o
 .bss.selected_cmd_handler
                0x20006f68        0x4 CMakeFiles/PugVDP.dir/commands.c.o
                0x20006f68                selected_cmd_handler
 .bss.sleep_notifier
                0x20006f6c        0x4 CMakeFiles/PugVDP.dir/home/user/pico-sdk/src/common/pico_time/time.c.o
 .bss.text_buf  0x20006f70     0x2580 CMakeFiles/PugVDP.dir/mode_text.c.o
                0x20006f70                text_buf
 .bss.text_rom_font
                0x200094f0        0x4 CMakeFiles/PugVDP.dir/mode_text.c.o
                0x200094f0                text_rom_font
 .bss._claimed  0x200094f4        0x2 CMakeFiles/PugVDP.dir/home/user/pico-sdk/src/rp2_common/hardware_dma/dma.c.o
 .bss.text_color_plane_size_words
                0x200094f6        0x2 CMakeFiles/PugVDP.dir/mode_text.c.o
                0x200094f6                text_color_plane_size_words
 .bss.text_font_data_sz
                0x200094f8        0x2 CMakeFiles/PugVDP.dir/mode_text.c.o
                0x200094f8                text_font_data_sz
 .bss.font_set_row_ct
                0x200094fa        0x1 CMakeFiles/PugVDP.dir/mode_text.c.o
                0x200094fa                font_set_row_ct
 .bss.selected_cmd_initial_args_sz
                0x200094fb        0x1 CMakeFiles/PugVDP.dir/commands.c.o
                0x200094fb                selected_cmd_initial_args_sz
 .bss.text_area_x
                0x200094fc        0x1 CMakeFiles/PugVDP.dir/mode_text.c.o
                0x200094fc                text_area_x
 .bss.text_area_y
                0x200094fd        0x1 CMakeFiles/PugVDP.dir/mode_text.c.o
                0x200094fd                text_area_y
 .bss.text_char_cols
                0x200094fe        0x1 CMakeFiles/PugVDP.dir/mode_text.c.o
                0x200094fe                text_char_cols
 .bss.text_char_rows
                0x200094ff        0x1 CMakeFiles/PugVDP.dir/mode_text.c.o
                0x200094ff                text_char_rows
 .bss.text_curs_count
                0x20009500        0x1 CMakeFiles/PugVDP.dir/mode_text.c.o
                0x20009500                text_curs_count
 .bss.text_curs_default_row0
                0x20009501        0x1 CMakeFiles/PugVDP.dir/mode_text.c.o
                0x20009501                text_curs_default_row0
 .bss.text_curs_default_row1
                0x20009502        0x1 CMakeFiles/PugVDP.dir/mode_text.c.o
                0x20009502                text_curs_default_row1
 .bss.text_curs_glyph
                0x20009503        0x1 CMakeFiles/PugVDP.dir/mode_text.c.o
                0x20009503                text_curs_glyph
 .bss.text_curs_row0
                0x20009504        0x1 CMakeFiles/PugVDP.dir/mode_text.c.o
                0x20009504                text_curs_row0
 .bss.text_curs_row1
                0x20009505        0x1 CMakeFiles/PugVDP.dir/mode_text.c.o
                0x20009505                text_curs_row1
 .bss.text_curs_x
                0x20009506        0x1 CMakeFiles/PugVDP.dir/mode_text.c.o
                0x20009506                text_curs_x
 .bss.text_curs_y
                0x20009507        0x1 CMakeFiles/PugVDP.dir/mode_text.c.o
                0x20009507                text_curs_y
 .bss.text_font_char_height
                0x20009508        0x1 CMakeFiles/PugVDP.dir/mode_text.c.o
                0x20009508                text_font_char_height
 .bss.text_font_char_width
                0x20009509        0x1 CMakeFiles/PugVDP.dir/mode_text.c.o
                0x20009509                text_font_char_width
 .bss.vdp_video_mode
                0x2000950a        0x1 CMakeFiles/PugVDP.dir/main.c.o
                0x2000950a                vdp_video_mode
 *(COMMON)
                [!provide]                        PROVIDE (__global_pointer$ = (. + 0x800))
 *(.sbss*)
                0x2000950c                        . = ALIGN (0x4)
 *fill*         0x2000950b        0x1 
                0x2000950c                        __bss_end__ = .

.heap           0x2000950c      0x800 load address 0x10009e54
                0x2000950c                        __end__ = .
                0x2000950c                        end = __end__
 *(.heap*)
 .heap          0x2000950c      0x800 CMakeFiles/PugVDP.dir/home/user/pico-sdk/src/rp2_common/pico_crt0/crt0.S.o
                0x20080000                        __HeapLimit = (ORIGIN (RAM) + LENGTH (RAM))

.scratch_x      0x20080000      0x92c load address 0x10009e54
                0x20080000                        __scratch_x_start__ = .
 *(.scratch_x.*)
 .scratch_x.tmds_encode_font_2bpp
                0x20080000      0x12c CMakeFiles/PugVDP.dir/tmds_encode_font_2bpp.S.o
                0x20080000                tmds_encode_font_2bpp
 .scratch_x.palettised_1bpp_tables
                0x2008012c      0x800 CMakeFiles/PugVDP.dir/tmds_encode_font_2bpp.S.o
                0x2008092c                        . = ALIGN (0x4)
                0x2008092c                        __scratch_x_end__ = .
                0x10009e54                        __scratch_x_source__ = LOADADDR (.scratch_x)

.scratch_y      0x20081000        0x0 load address 0x1000a780
                0x20081000                        __scratch_y_start__ = .
 *(.scratch_y.*)
                0x20081000                        . = ALIGN (0x4)
                0x20081000                        __scratch_y_end__ = .
                0x1000a780                        __scratch_y_source__ = LOADADDR (.scratch_y)

.stack1_dummy   0x2008092c      0x200
 *(.stack1*)
 .stack1        0x2008092c      0x200 CMakeFiles/PugVDP.dir/home/user/pico-sdk/src/rp2_common/pico_multicore/multicore.c.o

.stack_dummy    0x20081000      0x800
 *(.stack*)
 .stack         0x20081000      0x800 CMakeFiles/PugVDP.dir/home/user/pico-sdk/src/rp2_common/pico_crt0/crt0.S.o

.flash_end      0x1000a780       0x14
 *(.embedded_end_block*)
 .embedded_end_block
                0x1000a780       0x14 CMakeFiles/PugVDP.dir/home/user/pico-sdk/src/rp2_common/pico_crt0/crt0.S.o
                0x1000a794                        PROVIDE (__flash_binary_end = .)
                0x20080000                        __StackLimit = (ORIGIN (RAM) + LENGTH (RAM))
                0x20081000                        __StackOneTop = (ORIGIN (SCRATCH_X) + LENGTH (SCRATCH_X))
                0x20082000                        __StackTop = (ORIGIN (SCRATCH_Y) + LENGTH (SCRATCH_Y))
                0x20080e00                        __StackOneBottom = (__StackOneTop - SIZEOF (.stack1_dummy))
                0x20081800                        __StackBottom = (__StackTop - SIZEOF (.stack_dummy))
                0x20082000                        PROVIDE (__stack = __StackTop)
                [!provide]                        PROVIDE (__heap_start = __end__)
                [!provide]                        PROVIDE (__heap_end = __HeapLimit)
                [!provide]                        PROVIDE (__tls_align = MAX (ALIGNOF (.tdata), ALIGNOF (.tbss)))
                [!provide]                        PROVIDE (__tls_size_align = (((__tls_size + __tls_align) - 0x1) & ~ ((__tls_align - 0x1))))
                [!provide]                        PROVIDE (__arm32_tls_tcb_offset = MAX (0x8, __tls_align))
                [!provide]                        PROVIDE (_end = __end__)
                [!provide]                        PROVIDE (__llvm_libc_heap_limit = __HeapLimit)
                0x00000001                        ASSERT ((__StackLimit >= __HeapLimit), region RAM overflowed)
                0x00000001                        ASSERT (((__binary_info_header_end - __logical_binary_start) <= 0x400), Binary info must be in first 1024 bytes of the binary)
                0x00000001                        ASSERT (((__embedded_block_end - __logical_binary_start) <= 0x1000), Embedded block must be in first 4096 bytes of the binary)
LOAD CMakeFiles/PugVDP.dir/commands.c.o
LOAD CMakeFiles/PugVDP.dir/helpers.c.o
LOAD CMakeFiles/PugVDP.dir/main.c.o
LOAD CMakeFiles/PugVDP.dir/mode_text.c.o
LOAD CMakeFiles/PugVDP.dir/mode_bitmap.c.o
LOAD CMakeFiles/PugVDP.dir/tmds_encode_font_2bpp.S.o
LOAD CMakeFiles/PugVDP.dir/home/user/pico-sdk/src/rp2_common/pico_stdlib/stdlib.c.o
LOAD CMakeFiles/PugVDP.dir/home/user/pico-sdk/src/rp2_common/hardware_gpio/gpio.c.o
LOAD CMakeFiles/PugVDP.dir/home/user/pico-sdk/src/rp2350/pico_platform/platform.c.o
LOAD CMakeFiles/PugVDP.dir/home/user/pico-sdk/src/rp2_common/pico_platform_common/common.c.o
LOAD CMakeFiles/PugVDP.dir/home/user/pico-sdk/src/rp2_common/pico_platform_panic/panic.c.o
LOAD CMakeFiles/PugVDP.dir/home/user/pico-sdk/src/common/hardware_claim/claim.c.o
LOAD CMakeFiles/PugVDP.dir/home/user/pico-sdk/src/rp2_common/hardware_sync/sync.c.o
LOAD CMakeFiles/PugVDP.dir/home/user/pico-sdk/src/rp2_common/hardware_sync_spin_lock/sync_spin_lock.c.o
LOAD CMakeFiles/PugVDP.dir/home/user/pico-sdk/src/rp2_common/hardware_irq/irq.c.o
LOAD CMakeFiles/PugVDP.dir/home/user/pico-sdk/src/rp2_common/hardware_irq/irq_handler_chain.S.o
LOAD CMakeFiles/PugVDP.dir/home/user/pico-sdk/src/common/pico_sync/sem.c.o
LOAD CMakeFiles/PugVDP.dir/home/user/pico-sdk/src/common/pico_sync/lock_core.c.o
LOAD CMakeFiles/PugVDP.dir/home/user/pico-sdk/src/common/pico_sync/mutex.c.o
LOAD CMakeFiles/PugVDP.dir/home/user/pico-sdk/src/common/pico_sync/critical_section.c.o
LOAD CMakeFiles/PugVDP.dir/home/user/pico-sdk/src/common/pico_time/time.c.o
LOAD CMakeFiles/PugVDP.dir/home/user/pico-sdk/src/common/pico_time/timeout_helper.c.o
LOAD CMakeFiles/PugVDP.dir/home/user/pico-sdk/src/rp2_common/hardware_timer/timer.c.o
LOAD CMakeFiles/PugVDP.dir/home/user/pico-sdk/src/common/pico_util/datetime.c.o
LOAD CMakeFiles/PugVDP.dir/home/user/pico-sdk/src/common/pico_util/pheap.c.o
LOAD CMakeFiles/PugVDP.dir/home/user/pico-sdk/src/common/pico_util/queue.c.o
LOAD CMakeFiles/PugVDP.dir/home/user/pico-sdk/src/rp2_common/hardware_uart/uart.c.o
LOAD CMakeFiles/PugVDP.dir/home/user/pico-sdk/src/rp2_common/hardware_clocks/clocks.c.o
LOAD CMakeFiles/PugVDP.dir/home/user/pico-sdk/src/rp2_common/hardware_pll/pll.c.o
LOAD CMakeFiles/PugVDP.dir/home/user/pico-sdk/src/rp2_common/hardware_vreg/vreg.c.o
LOAD CMakeFiles/PugVDP.dir/home/user/pico-sdk/src/rp2_common/hardware_watchdog/watchdog.c.o
LOAD CMakeFiles/PugVDP.dir/home/user/pico-sdk/src/rp2_common/hardware_ticks/ticks.c.o
LOAD CMakeFiles/PugVDP.dir/home/user/pico-sdk/src/rp2_common/pico_bootrom/bootrom.c.o
LOAD CMakeFiles/PugVDP.dir/home/user/pico-sdk/src/rp2_common/pico_bootrom/bootrom_lock.c.o
LOAD CMakeFiles/PugVDP.dir/home/user/pico-sdk/src/rp2_common/hardware_boot_lock/boot_lock.c.o
LOAD CMakeFiles/PugVDP.dir/home/user/pico-sdk/src/rp2_common/pico_flash/flash.c.o
LOAD CMakeFiles/PugVDP.dir/home/user/pico-sdk/src/rp2_common/hardware_xosc/xosc.c.o
LOAD CMakeFiles/PugVDP.dir/home/user/pico-sdk/src/rp2_common/hardware_divider/divider.c.o
LOAD CMakeFiles/PugVDP.dir/home/user/pico-sdk/src/rp2_common/pico_runtime/runtime.c.o
LOAD CMakeFiles/PugVDP.dir/home/user/pico-sdk/src/rp2_common/pico_runtime_init/runtime_init.c.o
LOAD CMakeFiles/PugVDP.dir/home/user/pico-sdk/src/rp2_common/pico_runtime_init/runtime_init_clocks.c.o
LOAD CMakeFiles/PugVDP.dir/home/user/pico-sdk/src/rp2_common/pico_runtime_init/runtime_init_stack_guard.c.o
LOAD CMakeFiles/PugVDP.dir/home/user/pico-sdk/src/rp2_common/pico_bit_ops/bit_ops_aeabi.S.o
LOAD CMakeFiles/PugVDP.dir/home/user/pico-sdk/src/rp2_common/pico_divider/divider_compiler.c.o
LOAD CMakeFiles/PugVDP.dir/home/user/pico-sdk/src/rp2_common/pico_double/double_math.c.o
LOAD CMakeFiles/PugVDP.dir/home/user/pico-sdk/src/rp2_common/pico_double/double_aeabi_dcp.S.o
LOAD CMakeFiles/PugVDP.dir/home/user/pico-sdk/src/rp2_common/pico_double/double_fma_dcp.S.o
LOAD CMakeFiles/PugVDP.dir/home/user/pico-sdk/src/rp2_common/pico_double/double_sci_m33.S.o
LOAD CMakeFiles/PugVDP.dir/home/user/pico-sdk/src/rp2_common/pico_double/double_conv_m33.S.o
LOAD CMakeFiles/PugVDP.dir/home/user/pico-sdk/src/rp2_common/pico_float/float_math.c.o
LOAD CMakeFiles/PugVDP.dir/home/user/pico-sdk/src/rp2_common/pico_float/float_conv32_vfp.S.o
LOAD CMakeFiles/PugVDP.dir/home/user/pico-sdk/src/rp2_common/pico_float/float_common_m33.S.o
LOAD CMakeFiles/PugVDP.dir/home/user/pico-sdk/src/rp2_common/pico_float/float_sci_m33_vfp.S.o
LOAD CMakeFiles/PugVDP.dir/home/user/pico-sdk/src/rp2_common/pico_malloc/malloc.c.o
LOAD CMakeFiles/PugVDP.dir/home/user/pico-sdk/src/rp2_common/pico_atomic/atomic.c.o
LOAD CMakeFiles/PugVDP.dir/home/user/pico-sdk/src/rp2_common/pico_cxx_options/new_delete.cpp.o
LOAD CMakeFiles/PugVDP.dir/home/user/pico-sdk/src/rp2_common/pico_standard_binary_info/standard_binary_info.c.o
LOAD CMakeFiles/PugVDP.dir/home/user/pico-sdk/src/rp2_common/pico_printf/printf.c.o
LOAD CMakeFiles/PugVDP.dir/home/user/pico-sdk/src/rp2_common/pico_crt0/crt0.S.o
LOAD CMakeFiles/PugVDP.dir/home/user/pico-sdk/src/rp2_common/pico_clib_interface/newlib_interface.c.o
LOAD CMakeFiles/PugVDP.dir/home/user/pico-sdk/src/rp2_common/pico_stdio/stdio.c.o
LOAD CMakeFiles/PugVDP.dir/home/user/pico-sdk/src/rp2_common/pico_stdio_uart/stdio_uart.c.o
LOAD CMakeFiles/PugVDP.dir/home/user/pico-sdk/src/rp2_common/pico_multicore/multicore.c.o
LOAD CMakeFiles/PugVDP.dir/__/libdvi/dvi.c.o
LOAD CMakeFiles/PugVDP.dir/__/libdvi/dvi_serialiser.c.o
LOAD CMakeFiles/PugVDP.dir/__/libdvi/dvi_timing.c.o
LOAD CMakeFiles/PugVDP.dir/__/libdvi/tmds_encode.S.o
LOAD CMakeFiles/PugVDP.dir/__/libdvi/tmds_encode.c.o
LOAD CMakeFiles/PugVDP.dir/home/user/pico-sdk/src/rp2_common/hardware_dma/dma.c.o
LOAD CMakeFiles/PugVDP.dir/home/user/pico-sdk/src/rp2_common/hardware_interp/interp.c.o
LOAD CMakeFiles/PugVDP.dir/home/user/pico-sdk/src/rp2_common/hardware_pio/pio.c.o
LOAD ../pico-sdk/src/rp2350/boot_stage2/CMakeFiles/bs2_default_library.dir/bs2_default_padded_checksummed.S.o
LOAD /usr/lib/gcc/arm-none-eabi/13.2.1/../../../arm-none-eabi/lib/thumb/v8-m.main+fp/softfp/libstdc++.a
LOAD /usr/lib/gcc/arm-none-eabi/13.2.1/../../../arm-none-eabi/lib/thumb/v8-m.main+fp/softfp/libm.a
START GROUP
LOAD /usr/lib/gcc/arm-none-eabi/13.2.1/thumb/v8-m.main+fp/softfp/libgcc.a
LOAD /usr/lib/gcc/arm-none-eabi/13.2.1/../../../arm-none-eabi/lib/thumb/v8-m.main+fp/softfp/libg.a
LOAD /usr/lib/gcc/arm-none-eabi/13.2.1/../../../arm-none-eabi/lib/thumb/v8-m.main+fp/softfp/libc.a
END GROUP
START GROUP
LOAD /usr/lib/gcc/arm-none-eabi/13.2.1/thumb/v8-m.main+fp/softfp/libgcc.a
LOAD /usr/lib/gcc/arm-none-eabi/13.2.1/../../../arm-none-eabi/lib/thumb/v8-m.main+fp/softfp/libc.a
LOAD /usr/lib/gcc/arm-none-eabi/13.2.1/../../../arm-none-eabi/lib/thumb/v8-m.main+fp/softfp/libnosys.a
END GROUP
LOAD /usr/lib/gcc/arm-none-eabi/13.2.1/thumb/v8-m.main+fp/softfp/crtend.o
LOAD /usr/lib/gcc/arm-none-eabi/13.2.1/thumb/v8-m.main+fp/softfp/crtn.o
OUTPUT(PugVDP.elf elf32-littlearm)
LOAD linker stubs

.rel.dyn        0x1000a794        0x0
 .rel.iplt      0x1000a794        0x0 /usr/lib/gcc/arm-none-eabi/13.2.1/thumb/v8-m.main+fp/softfp/crtbegin.o

.ARM.attributes
                0x00000000       0x34
 .ARM.attributes
                0x00000000       0x26 /usr/lib/gcc/arm-none-eabi/13.2.1/thumb/v8-m.main+fp/softfp/crti.o
 .ARM.attributes
                0x00000026       0x36 /usr/lib/gcc/arm-none-eabi/13.2.1/thumb/v8-m.main+fp/softfp/crtbegin.o
 .ARM.attributes
                0x0000005c       0x38 CMakeFiles/PugVDP.dir/commands.c.o
 .ARM.attributes
                0x00000094       0x38 CMakeFiles/PugVDP.dir/helpers.c.o
 .ARM.attributes
                0x000000cc       0x38 CMakeFiles/PugVDP.dir/main.c.o
 .ARM.attributes
                0x00000104       0x38 CMakeFiles/PugVDP.dir/mode_text.c.o
 .ARM.attributes
                0x0000013c       0x22 CMakeFiles/PugVDP.dir/tmds_encode_font_2bpp.S.o
 .ARM.attributes
                0x0000015e       0x38 CMakeFiles/PugVDP.dir/home/user/pico-sdk/src/rp2_common/hardware_gpio/gpio.c.o
 .ARM.attributes
                0x00000196       0x38 CMakeFiles/PugVDP.dir/home/user/pico-sdk/src/rp2_common/pico_platform_panic/panic.c.o
 .ARM.attributes
                0x000001ce       0x38 CMakeFiles/PugVDP.dir/home/user/pico-sdk/src/common/hardware_claim/claim.c.o
 .ARM.attributes
                0x00000206       0x38 CMakeFiles/PugVDP.dir/home/user/pico-sdk/src/rp2_common/hardware_sync/sync.c.o
 .ARM.attributes
                0x0000023e       0x38 CMakeFiles/PugVDP.dir/home/user/pico-sdk/src/rp2_common/hardware_sync_spin_lock/sync_spin_lock.c.o
 .ARM.attributes
                0x00000276       0x38 CMakeFiles/PugVDP.dir/home/user/pico-sdk/src/rp2_common/hardware_irq/irq.c.o
 .ARM.attributes
                0x000002ae       0x38 CMakeFiles/PugVDP.dir/home/user/pico-sdk/src/common/pico_sync/lock_core.c.o
 .ARM.attributes
                0x000002e6       0x38 CMakeFiles/PugVDP.dir/home/user/pico-sdk/src/common/pico_sync/mutex.c.o
 .ARM.attributes
                0x0000031e       0x38 CMakeFiles/PugVDP.dir/home/user/pico-sdk/src/common/pico_time/time.c.o
 .ARM.attributes
                0x00000356       0x38 CMakeFiles/PugVDP.dir/home/user/pico-sdk/src/rp2_common/hardware_timer/timer.c.o
 .ARM.attributes
                0x0000038e       0x38 CMakeFiles/PugVDP.dir/home/user/pico-sdk/src/common/pico_util/queue.c.o
 .ARM.attributes
                0x000003c6       0x38 CMakeFiles/PugVDP.dir/home/user/pico-sdk/src/rp2_common/hardware_clocks/clocks.c.o
 .ARM.attributes
                0x000003fe       0x38 CMakeFiles/PugVDP.dir/home/user/pico-sdk/src/rp2_common/hardware_pll/pll.c.o
 .ARM.attributes
                0x00000436       0x38 CMakeFiles/PugVDP.dir/home/user/pico-sdk/src/rp2_common/hardware_vreg/vreg.c.o
 .ARM.attributes
                0x0000046e       0x38 CMakeFiles/PugVDP.dir/home/user/pico-sdk/src/rp2_common/hardware_ticks/ticks.c.o
 .ARM.attributes
                0x000004a6       0x38 CMakeFiles/PugVDP.dir/home/user/pico-sdk/src/rp2_common/pico_bootrom/bootrom.c.o
 .ARM.attributes
                0x000004de       0x38 CMakeFiles/PugVDP.dir/home/user/pico-sdk/src/rp2_common/pico_bootrom/bootrom_lock.c.o
 .ARM.attributes
                0x00000516       0x38 CMakeFiles/PugVDP.dir/home/user/pico-sdk/src/rp2_common/hardware_boot_lock/boot_lock.c.o
 .ARM.attributes
                0x0000054e       0x38 CMakeFiles/PugVDP.dir/home/user/pico-sdk/src/rp2_common/hardware_xosc/xosc.c.o
 .ARM.attributes
                0x00000586       0x38 CMakeFiles/PugVDP.dir/home/user/pico-sdk/src/rp2_common/pico_runtime/runtime.c.o
 .ARM.attributes
                0x000005be       0x38 CMakeFiles/PugVDP.dir/home/user/pico-sdk/src/rp2_common/pico_runtime_init/runtime_init.c.o
 .ARM.attributes
                0x000005f6       0x38 CMakeFiles/PugVDP.dir/home/user/pico-sdk/src/rp2_common/pico_runtime_init/runtime_init_clocks.c.o
 .ARM.attributes
                0x0000062e       0x38 CMakeFiles/PugVDP.dir/home/user/pico-sdk/src/rp2_common/pico_malloc/malloc.c.o
 .ARM.attributes
                0x00000666       0x38 CMakeFiles/PugVDP.dir/home/user/pico-sdk/src/rp2_common/pico_standard_binary_info/standard_binary_info.c.o
 .ARM.attributes
                0x0000069e       0x38 CMakeFiles/PugVDP.dir/home/user/pico-sdk/src/rp2_common/pico_printf/printf.c.o
 .ARM.attributes
                0x000006d6       0x28 CMakeFiles/PugVDP.dir/home/user/pico-sdk/src/rp2_common/pico_crt0/crt0.S.o
 .ARM.attributes
                0x000006fe       0x38 CMakeFiles/PugVDP.dir/home/user/pico-sdk/src/rp2_common/pico_clib_interface/newlib_interface.c.o
 .ARM.attributes
                0x00000736       0x38 CMakeFiles/PugVDP.dir/home/user/pico-sdk/src/rp2_common/pico_stdio/stdio.c.o
 .ARM.attributes
                0x0000076e       0x38 CMakeFiles/PugVDP.dir/home/user/pico-sdk/src/rp2_common/pico_multicore/multicore.c.o
 .ARM.attributes
                0x000007a6       0x38 CMakeFiles/PugVDP.dir/__/libdvi/dvi.c.o
 .ARM.attributes
                0x000007de       0x38 CMakeFiles/PugVDP.dir/__/libdvi/dvi_serialiser.c.o
 .ARM.attributes
                0x00000816       0x38 CMakeFiles/PugVDP.dir/__/libdvi/dvi_timing.c.o
 .ARM.attributes
                0x0000084e       0x38 CMakeFiles/PugVDP.dir/home/user/pico-sdk/src/rp2_common/hardware_dma/dma.c.o
 .ARM.attributes
                0x00000886       0x38 CMakeFiles/PugVDP.dir/home/user/pico-sdk/src/rp2_common/hardware_pio/pio.c.o
 .ARM.attributes
                0x000008be       0x36 /usr/lib/gcc/arm-none-eabi/13.2.1/../../../arm-none-eabi/lib/thumb/v8-m.main+fp/softfp/libg.a(libc_a-memset.o)
 .ARM.attributes
                0x000008f4       0x36 /usr/lib/gcc/arm-none-eabi/13.2.1/../../../arm-none-eabi/lib/thumb/v8-m.main+fp/softfp/libg.a(libc_a-calloc.o)
 .ARM.attributes
                0x0000092a       0x36 /usr/lib/gcc/arm-none-eabi/13.2.1/../../../arm-none-eabi/lib/thumb/v8-m.main+fp/softfp/libg.a(libc_a-errno.o)
 .ARM.attributes
                0x00000960       0x36 /usr/lib/gcc/arm-none-eabi/13.2.1/../../../arm-none-eabi/lib/thumb/v8-m.main+fp/softfp/libg.a(libc_a-impure.o)
 .ARM.attributes
                0x00000996       0x36 /usr/lib/gcc/arm-none-eabi/13.2.1/../../../arm-none-eabi/lib/thumb/v8-m.main+fp/softfp/libg.a(libc_a-callocr.o)
 .ARM.attributes
                0x000009cc       0x36 /usr/lib/gcc/arm-none-eabi/13.2.1/../../../arm-none-eabi/lib/thumb/v8-m.main+fp/softfp/libg.a(libc_a-mallocr.o)
 .ARM.attributes
                0x00000a02       0x36 /usr/lib/gcc/arm-none-eabi/13.2.1/../../../arm-none-eabi/lib/thumb/v8-m.main+fp/softfp/libg.a(libc_a-freer.o)
 .ARM.attributes
                0x00000a38       0x36 /usr/lib/gcc/arm-none-eabi/13.2.1/../../../arm-none-eabi/lib/thumb/v8-m.main+fp/softfp/libg.a(libc_a-malloc.o)
 .ARM.attributes
                0x00000a6e       0x24 /usr/lib/gcc/arm-none-eabi/13.2.1/../../../arm-none-eabi/lib/thumb/v8-m.main+fp/softfp/libg.a(libc_a-memcpy.o)
 .ARM.attributes
                0x00000a92       0x36 /usr/lib/gcc/arm-none-eabi/13.2.1/../../../arm-none-eabi/lib/thumb/v8-m.main+fp/softfp/libg.a(libc_a-sysconf.o)
 .ARM.attributes
                0x00000ac8       0x36 /usr/lib/gcc/arm-none-eabi/13.2.1/../../../arm-none-eabi/lib/thumb/v8-m.main+fp/softfp/libg.a(libc_a-mlock.o)
 .ARM.attributes
                0x00000afe       0x36 /usr/lib/gcc/arm-none-eabi/13.2.1/../../../arm-none-eabi/lib/thumb/v8-m.main+fp/softfp/libg.a(libc_a-findfp.o)
 .ARM.attributes
                0x00000b34       0x36 /usr/lib/gcc/arm-none-eabi/13.2.1/../../../arm-none-eabi/lib/thumb/v8-m.main+fp/softfp/libg.a(libc_a-atexit.o)
 .ARM.attributes
                0x00000b6a       0x36 /usr/lib/gcc/arm-none-eabi/13.2.1/../../../arm-none-eabi/lib/thumb/v8-m.main+fp/softfp/libg.a(libc_a-strlen-stub.o)
 .ARM.attributes
                0x00000ba0       0x36 /usr/lib/gcc/arm-none-eabi/13.2.1/../../../arm-none-eabi/lib/thumb/v8-m.main+fp/softfp/libg.a(libc_a-sbrkr.o)
 .ARM.attributes
                0x00000bd6       0x36 /usr/lib/gcc/arm-none-eabi/13.2.1/../../../arm-none-eabi/lib/thumb/v8-m.main+fp/softfp/libg.a(libc_a-fini.o)
 .ARM.attributes
                0x00000c0c       0x36 /usr/lib/gcc/arm-none-eabi/13.2.1/../../../arm-none-eabi/lib/thumb/v8-m.main+fp/softfp/libg.a(libc_a-reent.o)
 .ARM.attributes
                0x00000c42       0x36 /usr/lib/gcc/arm-none-eabi/13.2.1/../../../arm-none-eabi/lib/thumb/v8-m.main+fp/softfp/libg.a(libc_a-__atexit.o)
 .ARM.attributes
                0x00000c78       0x36 /usr/lib/gcc/arm-none-eabi/13.2.1/../../../arm-none-eabi/lib/thumb/v8-m.main+fp/softfp/libg.a(libc_a-__call_atexit.o)
 .ARM.attributes
                0x00000cae       0x36 /usr/lib/gcc/arm-none-eabi/13.2.1/thumb/v8-m.main+fp/softfp/crtend.o

.comment        0x00000000       0x26
 .comment       0x00000000       0x26 /usr/lib/gcc/arm-none-eabi/13.2.1/thumb/v8-m.main+fp/softfp/crtbegin.o
                                 0x27 (size before relaxing)
 .comment       0x00000026       0x27 CMakeFiles/PugVDP.dir/commands.c.o
 .comment       0x00000026       0x27 CMakeFiles/PugVDP.dir/helpers.c.o
 .comment       0x00000026       0x27 CMakeFiles/PugVDP.dir/main.c.o
 .comment       0x00000026       0x27 CMakeFiles/PugVDP.dir/mode_text.c.o
 .comment       0x00000026       0x27 CMakeFiles/PugVDP.dir/home/user/pico-sdk/src/rp2_common/hardware_gpio/gpio.c.o
 .comment       0x00000026       0x27 CMakeFiles/PugVDP.dir/home/user/pico-sdk/src/rp2_common/pico_platform_panic/panic.c.o
 .comment       0x00000026       0x27 CMakeFiles/PugVDP.dir/home/user/pico-sdk/src/common/hardware_claim/claim.c.o
 .comment       0x00000026       0x27 CMakeFiles/PugVDP.dir/home/user/pico-sdk/src/rp2_common/hardware_sync/sync.c.o
 .comment       0x00000026       0x27 CMakeFiles/PugVDP.dir/home/user/pico-sdk/src/rp2_common/hardware_sync_spin_lock/sync_spin_lock.c.o
 .comment       0x00000026       0x27 CMakeFiles/PugVDP.dir/home/user/pico-sdk/src/rp2_common/hardware_irq/irq.c.o
 .comment       0x00000026       0x27 CMakeFiles/PugVDP.dir/home/user/pico-sdk/src/common/pico_sync/lock_core.c.o
 .comment       0x00000026       0x27 CMakeFiles/PugVDP.dir/home/user/pico-sdk/src/common/pico_sync/mutex.c.o
 .comment       0x00000026       0x27 CMakeFiles/PugVDP.dir/home/user/pico-sdk/src/common/pico_time/time.c.o
 .comment       0x00000026       0x27 CMakeFiles/PugVDP.dir/home/user/pico-sdk/src/rp2_common/hardware_timer/timer.c.o
 .comment       0x00000026       0x27 CMakeFiles/PugVDP.dir/home/user/pico-sdk/src/common/pico_util/queue.c.o
 .comment       0x00000026       0x27 CMakeFiles/PugVDP.dir/home/user/pico-sdk/src/rp2_common/hardware_clocks/clocks.c.o
 .comment       0x00000026       0x27 CMakeFiles/PugVDP.dir/home/user/pico-sdk/src/rp2_common/hardware_pll/pll.c.o
 .comment       0x00000026       0x27 CMakeFiles/PugVDP.dir/home/user/pico-sdk/src/rp2_common/hardware_vreg/vreg.c.o
 .comment       0x00000026       0x27 CMakeFiles/PugVDP.dir/home/user/pico-sdk/src/rp2_common/hardware_ticks/ticks.c.o
 .comment       0x00000026       0x27 CMakeFiles/PugVDP.dir/home/user/pico-sdk/src/rp2_common/pico_bootrom/bootrom.c.o
 .comment       0x00000026       0x27 CMakeFiles/PugVDP.dir/home/user/pico-sdk/src/rp2_common/pico_bootrom/bootrom_lock.c.o
 .comment       0x00000026       0x27 CMakeFiles/PugVDP.dir/home/user/pico-sdk/src/rp2_common/hardware_boot_lock/boot_lock.c.o
 .comment       0x00000026       0x27 CMakeFiles/PugVDP.dir/home/user/pico-sdk/src/rp2_common/hardware_xosc/xosc.c.o
 .comment       0x00000026       0x27 CMakeFiles/PugVDP.dir/home/user/pico-sdk/src/rp2_common/pico_runtime/runtime.c.o
 .comment       0x00000026       0x27 CMakeFiles/PugVDP.dir/home/user/pico-sdk/src/rp2_common/pico_runtime_init/runtime_init.c.o
 .comment       0x00000026       0x27 CMakeFiles/PugVDP.dir/home/user/pico-sdk/src/rp2_common/pico_runtime_init/runtime_init_clocks.c.o
 .comment       0x00000026       0x27 CMakeFiles/PugVDP.dir/home/user/pico-sdk/src/rp2_common/pico_malloc/malloc.c.o
 .comment       0x00000026       0x27 CMakeFiles/PugVDP.dir/home/user/pico-sdk/src/rp2_common/pico_standard_binary_info/standard_binary_info.c.o
 .comment       0x00000026       0x27 CMakeFiles/PugVDP.dir/home/user/pico-sdk/src/rp2_common/pico_printf/printf.c.o
 .comment       0x00000026       0x27 CMakeFiles/PugVDP.dir/home/user/pico-sdk/src/rp2_common/pico_clib_interface/newlib_interface.c.o
 .comment       0x00000026       0x27 CMakeFiles/PugVDP.dir/home/user/pico-sdk/src/rp2_common/pico_stdio/stdio.c.o
 .comment       0x00000026       0x27 CMakeFiles/PugVDP.dir/home/user/pico-sdk/src/rp2_common/pico_multicore/multicore.c.o
 .comment       0x00000026       0x27 CMakeFiles/PugVDP.dir/__/libdvi/dvi.c.o
 .comment       0x00000026       0x27 CMakeFiles/PugVDP.dir/__/libdvi/dvi_serialiser.c.o
 .comment       0x00000026       0x27 CMakeFiles/PugVDP.dir/__/libdvi/dvi_timing.c.o
 .comment       0x00000026       0x27 CMakeFiles/PugVDP.dir/home/user/pico-sdk/src/rp2_common/hardware_dma/dma.c.o
 .comment       0x00000026       0x27 CMakeFiles/PugVDP.dir/home/user/pico-sdk/src/rp2_common/hardware_pio/pio.c.o
 .comment       0x00000026       0x27 /usr/lib/gcc/arm-none-eabi/13.2.1/../../../arm-none-eabi/lib/thumb/v8-m.main+fp/softfp/libg.a(libc_a-memset.o)
 .comment       0x00000026       0x27 /usr/lib/gcc/arm-none-eabi/13.2.1/../../../arm-none-eabi/lib/thumb/v8-m.main+fp/softfp/libg.a(libc_a-calloc.o)
 .comment       0x00000026       0x27 /usr/lib/gcc/arm-none-eabi/13.2.1/../../../arm-none-eabi/lib/thumb/v8-m.main+fp/softfp/libg.a(libc_a-errno.o)
 .comment       0x00000026       0x27 /usr/lib/gcc/arm-none-eabi/13.2.1/../../../arm-none-eabi/lib/thumb/v8-m.main+fp/softfp/libg.a(libc_a-impure.o)
 .comment       0x00000026       0x27 /usr/lib/gcc/arm-none-eabi/13.2.1/../../../arm-none-eabi/lib/thumb/v8-m.main+fp/softfp/libg.a(libc_a-callocr.o)
 .comment       0x00000026       0x27 /usr/lib/gcc/arm-none-eabi/13.2.1/../../../arm-none-eabi/lib/thumb/v8-m.main+fp/softfp/libg.a(libc_a-mallocr.o)
 .comment       0x00000026       0x27 /usr/lib/gcc/arm-none-eabi/13.2.1/../../../arm-none-eabi/lib/thumb/v8-m.main+fp/softfp/libg.a(libc_a-freer.o)
 .comment       0x00000026       0x27 /usr/lib/gcc/arm-none-eabi/13.2.1/../../../arm-none-eabi/lib/thumb/v8-m.main+fp/softfp/libg.a(libc_a-malloc.o)
 .comment       0x00000026       0x27 /usr/lib/gcc/arm-none-eabi/13.2.1/../../../arm-none-eabi/lib/thumb/v8-m.main+fp/softfp/libg.a(libc_a-sysconf.o)
 .comment       0x00000026       0x27 /usr/lib/gcc/arm-none-eabi/13.2.1/../../../arm-none-eabi/lib/thumb/v8-m.main+fp/softfp/libg.a(libc_a-mlock.o)
 .comment       0x00000026       0x27 /usr/lib/gcc/arm-none-eabi/13.2.1/../../../arm-none-eabi/lib/thumb/v8-m.main+fp/softfp/libg.a(libc_a-findfp.o)
 .comment       0x00000026       0x27 /usr/lib/gcc/arm-none-eabi/13.2.1/../../../arm-none-eabi/lib/thumb/v8-m.main+fp/softfp/libg.a(libc_a-atexit.o)
 .comment       0x00000026       0x27 /usr/lib/gcc/arm-none-eabi/13.2.1/../../../arm-none-eabi/lib/thumb/v8-m.main+fp/softfp/libg.a(libc_a-strlen-stub.o)
 .comment       0x00000026       0x27 /usr/lib/gcc/arm-none-eabi/13.2.1/../../../arm-none-eabi/lib/thumb/v8-m.main+fp/softfp/libg.a(libc_a-sbrkr.o)
 .comment       0x00000026       0x27 /usr/lib/gcc/arm-none-eabi/13.2.1/../../../arm-none-eabi/lib/thumb/v8-m.main+fp/softfp/libg.a(libc_a-fini.o)
 .comment       0x00000026       0x27 /usr/lib/gcc/arm-none-eabi/13.2.1/../../../arm-none-eabi/lib/thumb/v8-m.main+fp/softfp/libg.a(libc_a-reent.o)
 .comment       0x00000026       0x27 /usr/lib/gcc/arm-none-eabi/13.2.1/../../../arm-none-eabi/lib/thumb/v8-m.main+fp/softfp/libg.a(libc_a-__atexit.o)
 .comment       0x00000026       0x27 /usr/lib/gcc/arm-none-eabi/13.2.1/../../../arm-none-eabi/lib/thumb/v8-m.main+fp/softfp/libg.a(libc_a-__call_atexit.o)
 .comment       0x00000026       0x27 /usr/lib/gcc/arm-none-eabi/13.2.1/thumb/v8-m.main+fp/softfp/crtend.o

.debug_info     0x00000000    0x39b1e
 .debug_info    0x00000000      0xc98 CMakeFiles/PugVDP.dir/commands.c.o
 .debug_info    0x00000c98      0x12f CMakeFiles/PugVDP.dir/helpers.c.o
 .debug_info    0x00000dc7     0x22eb CMakeFiles/PugVDP.dir/main.c.o
 .debug_info    0x000030b2     0x2fa3 CMakeFiles/PugVDP.dir/mode_text.c.o
 .debug_info    0x00006055       0x25 CMakeFiles/PugVDP.dir/tmds_encode_font_2bpp.S.o
 .debug_info    0x0000607a     0x23b5 CMakeFiles/PugVDP.dir/home/user/pico-sdk/src/rp2_common/hardware_gpio/gpio.c.o
 .debug_info    0x0000842f      0x1be CMakeFiles/PugVDP.dir/home/user/pico-sdk/src/rp2_common/pico_platform_panic/panic.c.o
 .debug_info    0x000085ed      0xb64 CMakeFiles/PugVDP.dir/home/user/pico-sdk/src/common/hardware_claim/claim.c.o
 .debug_info    0x00009151      0x44d CMakeFiles/PugVDP.dir/home/user/pico-sdk/src/rp2_common/hardware_sync/sync.c.o
 .debug_info    0x0000959e     0x143a CMakeFiles/PugVDP.dir/home/user/pico-sdk/src/rp2_common/hardware_sync_spin_lock/sync_spin_lock.c.o
 .debug_info    0x0000a9d8     0x25e3 CMakeFiles/PugVDP.dir/home/user/pico-sdk/src/rp2_common/hardware_irq/irq.c.o
 .debug_info    0x0000cfbb      0x17b CMakeFiles/PugVDP.dir/home/user/pico-sdk/src/common/pico_sync/lock_core.c.o
 .debug_info    0x0000d136     0x1e27 CMakeFiles/PugVDP.dir/home/user/pico-sdk/src/common/pico_sync/mutex.c.o
 .debug_info    0x0000ef5d     0x4c04 CMakeFiles/PugVDP.dir/home/user/pico-sdk/src/common/pico_time/time.c.o
 .debug_info    0x00013b61     0x3082 CMakeFiles/PugVDP.dir/home/user/pico-sdk/src/rp2_common/hardware_timer/timer.c.o
 .debug_info    0x00016be3     0x15fc CMakeFiles/PugVDP.dir/home/user/pico-sdk/src/common/pico_util/queue.c.o
 .debug_info    0x000181df     0x2891 CMakeFiles/PugVDP.dir/home/user/pico-sdk/src/rp2_common/hardware_clocks/clocks.c.o
 .debug_info    0x0001aa70      0x4ef CMakeFiles/PugVDP.dir/home/user/pico-sdk/src/rp2_common/hardware_pll/pll.c.o
 .debug_info    0x0001af5f      0x591 CMakeFiles/PugVDP.dir/home/user/pico-sdk/src/rp2_common/hardware_vreg/vreg.c.o
 .debug_info    0x0001b4f0      0x254 CMakeFiles/PugVDP.dir/home/user/pico-sdk/src/rp2_common/hardware_ticks/ticks.c.o
 .debug_info    0x0001b744     0x1077 CMakeFiles/PugVDP.dir/home/user/pico-sdk/src/rp2_common/pico_bootrom/bootrom.c.o
 .debug_info    0x0001c7bb      0x1ac CMakeFiles/PugVDP.dir/home/user/pico-sdk/src/rp2_common/pico_bootrom/bootrom_lock.c.o
 .debug_info    0x0001c967      0x2fe CMakeFiles/PugVDP.dir/home/user/pico-sdk/src/rp2_common/hardware_boot_lock/boot_lock.c.o
 .debug_info    0x0001cc65      0x199 CMakeFiles/PugVDP.dir/home/user/pico-sdk/src/rp2_common/hardware_xosc/xosc.c.o
 .debug_info    0x0001cdfe      0x20e CMakeFiles/PugVDP.dir/home/user/pico-sdk/src/rp2_common/pico_runtime/runtime.c.o
 .debug_info    0x0001d00c     0x1c1c CMakeFiles/PugVDP.dir/home/user/pico-sdk/src/rp2_common/pico_runtime_init/runtime_init.c.o
 .debug_info    0x0001ec28      0x7b0 CMakeFiles/PugVDP.dir/home/user/pico-sdk/src/rp2_common/pico_runtime_init/runtime_init_clocks.c.o
 .debug_info    0x0001f3d8      0x6a6 CMakeFiles/PugVDP.dir/home/user/pico-sdk/src/rp2_common/pico_malloc/malloc.c.o
 .debug_info    0x0001fa7e      0x288 CMakeFiles/PugVDP.dir/home/user/pico-sdk/src/rp2_common/pico_standard_binary_info/standard_binary_info.c.o
 .debug_info    0x0001fd06     0x2075 CMakeFiles/PugVDP.dir/home/user/pico-sdk/src/rp2_common/pico_printf/printf.c.o
 .debug_info    0x00021d7b       0x23 CMakeFiles/PugVDP.dir/home/user/pico-sdk/src/rp2_common/pico_crt0/crt0.S.o
 .debug_info    0x00021d9e      0xc25 CMakeFiles/PugVDP.dir/home/user/pico-sdk/src/rp2_common/pico_clib_interface/newlib_interface.c.o
 .debug_info    0x000229c3     0x1d47 CMakeFiles/PugVDP.dir/home/user/pico-sdk/src/rp2_common/pico_stdio/stdio.c.o
 .debug_info    0x0002470a     0x27d3 CMakeFiles/PugVDP.dir/home/user/pico-sdk/src/rp2_common/pico_multicore/multicore.c.o
 .debug_info    0x00026edd     0x4d7d CMakeFiles/PugVDP.dir/__/libdvi/dvi.c.o
 .debug_info    0x0002bc5a     0x1aa7 CMakeFiles/PugVDP.dir/__/libdvi/dvi_serialiser.c.o
 .debug_info    0x0002d701     0x1698 CMakeFiles/PugVDP.dir/__/libdvi/dvi_timing.c.o
 .debug_info    0x0002ed99      0xb1f CMakeFiles/PugVDP.dir/home/user/pico-sdk/src/rp2_common/hardware_dma/dma.c.o
 .debug_info    0x0002f8b8     0x34cc CMakeFiles/PugVDP.dir/home/user/pico-sdk/src/rp2_common/hardware_pio/pio.c.o
 .debug_info    0x00032d84      0x135 /usr/lib/gcc/arm-none-eabi/13.2.1/../../../arm-none-eabi/lib/thumb/v8-m.main+fp/softfp/libg.a(libc_a-memset.o)
 .debug_info    0x00032eb9      0x782 /usr/lib/gcc/arm-none-eabi/13.2.1/../../../arm-none-eabi/lib/thumb/v8-m.main+fp/softfp/libg.a(libc_a-calloc.o)
 .debug_info    0x0003363b      0x70f /usr/lib/gcc/arm-none-eabi/13.2.1/../../../arm-none-eabi/lib/thumb/v8-m.main+fp/softfp/libg.a(libc_a-errno.o)
 .debug_info    0x00033d4a      0x729 /usr/lib/gcc/arm-none-eabi/13.2.1/../../../arm-none-eabi/lib/thumb/v8-m.main+fp/softfp/libg.a(libc_a-impure.o)
 .debug_info    0x00034473      0x8d9 /usr/lib/gcc/arm-none-eabi/13.2.1/../../../arm-none-eabi/lib/thumb/v8-m.main+fp/softfp/libg.a(libc_a-callocr.o)
 .debug_info    0x00034d4c      0xcd9 /usr/lib/gcc/arm-none-eabi/13.2.1/../../../arm-none-eabi/lib/thumb/v8-m.main+fp/softfp/libg.a(libc_a-mallocr.o)
 .debug_info    0x00035a25      0xb55 /usr/lib/gcc/arm-none-eabi/13.2.1/../../../arm-none-eabi/lib/thumb/v8-m.main+fp/softfp/libg.a(libc_a-freer.o)
 .debug_info    0x0003657a      0x7b4 /usr/lib/gcc/arm-none-eabi/13.2.1/../../../arm-none-eabi/lib/thumb/v8-m.main+fp/softfp/libg.a(libc_a-malloc.o)
 .debug_info    0x00036d2e       0x33 /usr/lib/gcc/arm-none-eabi/13.2.1/../../../arm-none-eabi/lib/thumb/v8-m.main+fp/softfp/libg.a(libc_a-memcpy.o)
 .debug_info    0x00036d61       0xc1 /usr/lib/gcc/arm-none-eabi/13.2.1/../../../arm-none-eabi/lib/thumb/v8-m.main+fp/softfp/libg.a(libc_a-sysconf.o)
 .debug_info    0x00036e22      0x73a /usr/lib/gcc/arm-none-eabi/13.2.1/../../../arm-none-eabi/lib/thumb/v8-m.main+fp/softfp/libg.a(libc_a-mlock.o)
 .debug_info    0x0003755c      0xea8 /usr/lib/gcc/arm-none-eabi/13.2.1/../../../arm-none-eabi/lib/thumb/v8-m.main+fp/softfp/libg.a(libc_a-findfp.o)
 .debug_info    0x00038404      0x11e /usr/lib/gcc/arm-none-eabi/13.2.1/../../../arm-none-eabi/lib/thumb/v8-m.main+fp/softfp/libg.a(libc_a-atexit.o)
 .debug_info    0x00038522       0xbd /usr/lib/gcc/arm-none-eabi/13.2.1/../../../arm-none-eabi/lib/thumb/v8-m.main+fp/softfp/libg.a(libc_a-strlen-stub.o)
 .debug_info    0x000385df      0x796 /usr/lib/gcc/arm-none-eabi/13.2.1/../../../arm-none-eabi/lib/thumb/v8-m.main+fp/softfp/libg.a(libc_a-sbrkr.o)
 .debug_info    0x00038d75       0xf7 /usr/lib/gcc/arm-none-eabi/13.2.1/../../../arm-none-eabi/lib/thumb/v8-m.main+fp/softfp/libg.a(libc_a-fini.o)
 .debug_info    0x00038e6c      0x831 /usr/lib/gcc/arm-none-eabi/13.2.1/../../../arm-none-eabi/lib/thumb/v8-m.main+fp/softfp/libg.a(libc_a-reent.o)
 .debug_info    0x0003969d      0x1fd /usr/lib/gcc/arm-none-eabi/13.2.1/../../../arm-none-eabi/lib/thumb/v8-m.main+fp/softfp/libg.a(libc_a-__atexit.o)
 .debug_info    0x0003989a      0x284 /usr/lib/gcc/arm-none-eabi/13.2.1/../../../arm-none-eabi/lib/thumb/v8-m.main+fp/softfp/libg.a(libc_a-__call_atexit.o)

.debug_abbrev   0x00000000     0x9c51
 .debug_abbrev  0x00000000      0x26d CMakeFiles/PugVDP.dir/commands.c.o
 .debug_abbrev  0x0000026d       0x9d CMakeFiles/PugVDP.dir/helpers.c.o
 .debug_abbrev  0x0000030a      0x576 CMakeFiles/PugVDP.dir/main.c.o
 .debug_abbrev  0x00000880      0x4f3 CMakeFiles/PugVDP.dir/mode_text.c.o
 .debug_abbrev  0x00000d73       0x14 CMakeFiles/PugVDP.dir/tmds_encode_font_2bpp.S.o
 .debug_abbrev  0x00000d87      0x535 CMakeFiles/PugVDP.dir/home/user/pico-sdk/src/rp2_common/hardware_gpio/gpio.c.o
 .debug_abbrev  0x000012bc      0x12b CMakeFiles/PugVDP.dir/home/user/pico-sdk/src/rp2_common/pico_platform_panic/panic.c.o